Archive member included to satisfy reference by file (symbol)

c:/program files (x86)/atmel/studio/7.0/toolchain/avr8/avr8-gnu-toolchain/bin/../lib/gcc/avr/5.4.0/../../../../avr/lib/avrxmega5\libm.a(addsf3.o)
                              adc.o (__subsf3)
c:/program files (x86)/atmel/studio/7.0/toolchain/avr8/avr8-gnu-toolchain/bin/../lib/gcc/avr/5.4.0/../../../../avr/lib/avrxmega5\libm.a(addsf3x.o)
                              c:/program files (x86)/atmel/studio/7.0/toolchain/avr8/avr8-gnu-toolchain/bin/../lib/gcc/avr/5.4.0/../../../../avr/lib/avrxmega5\libm.a(addsf3.o) (__addsf3x)
c:/program files (x86)/atmel/studio/7.0/toolchain/avr8/avr8-gnu-toolchain/bin/../lib/gcc/avr/5.4.0/../../../../avr/lib/avrxmega5\libm.a(cmpsf2.o)
                              adc.o (__ltsf2)
c:/program files (x86)/atmel/studio/7.0/toolchain/avr8/avr8-gnu-toolchain/bin/../lib/gcc/avr/5.4.0/../../../../avr/lib/avrxmega5\libm.a(divsf3.o)
                              adc.o (__divsf3)
c:/program files (x86)/atmel/studio/7.0/toolchain/avr8/avr8-gnu-toolchain/bin/../lib/gcc/avr/5.4.0/../../../../avr/lib/avrxmega5\libm.a(divsf3x.o)
                              c:/program files (x86)/atmel/studio/7.0/toolchain/avr8/avr8-gnu-toolchain/bin/../lib/gcc/avr/5.4.0/../../../../avr/lib/avrxmega5\libm.a(divsf3.o) (__divsf3x)
c:/program files (x86)/atmel/studio/7.0/toolchain/avr8/avr8-gnu-toolchain/bin/../lib/gcc/avr/5.4.0/../../../../avr/lib/avrxmega5\libm.a(fixunssfsi.o)
                              adc.o (__fixunssfsi)
c:/program files (x86)/atmel/studio/7.0/toolchain/avr8/avr8-gnu-toolchain/bin/../lib/gcc/avr/5.4.0/../../../../avr/lib/avrxmega5\libm.a(floatsisf.o)
                              adc.o (__floatunsisf)
c:/program files (x86)/atmel/studio/7.0/toolchain/avr8/avr8-gnu-toolchain/bin/../lib/gcc/avr/5.4.0/../../../../avr/lib/avrxmega5\libm.a(fp_cmp.o)
                              c:/program files (x86)/atmel/studio/7.0/toolchain/avr8/avr8-gnu-toolchain/bin/../lib/gcc/avr/5.4.0/../../../../avr/lib/avrxmega5\libm.a(cmpsf2.o) (__fp_cmp)
c:/program files (x86)/atmel/studio/7.0/toolchain/avr8/avr8-gnu-toolchain/bin/../lib/gcc/avr/5.4.0/../../../../avr/lib/avrxmega5\libm.a(fp_inf.o)
                              c:/program files (x86)/atmel/studio/7.0/toolchain/avr8/avr8-gnu-toolchain/bin/../lib/gcc/avr/5.4.0/../../../../avr/lib/avrxmega5\libm.a(addsf3x.o) (__fp_inf)
c:/program files (x86)/atmel/studio/7.0/toolchain/avr8/avr8-gnu-toolchain/bin/../lib/gcc/avr/5.4.0/../../../../avr/lib/avrxmega5\libm.a(fp_nan.o)
                              c:/program files (x86)/atmel/studio/7.0/toolchain/avr8/avr8-gnu-toolchain/bin/../lib/gcc/avr/5.4.0/../../../../avr/lib/avrxmega5\libm.a(addsf3x.o) (__fp_nan)
c:/program files (x86)/atmel/studio/7.0/toolchain/avr8/avr8-gnu-toolchain/bin/../lib/gcc/avr/5.4.0/../../../../avr/lib/avrxmega5\libm.a(fp_pscA.o)
                              c:/program files (x86)/atmel/studio/7.0/toolchain/avr8/avr8-gnu-toolchain/bin/../lib/gcc/avr/5.4.0/../../../../avr/lib/avrxmega5\libm.a(addsf3x.o) (__fp_pscA)
c:/program files (x86)/atmel/studio/7.0/toolchain/avr8/avr8-gnu-toolchain/bin/../lib/gcc/avr/5.4.0/../../../../avr/lib/avrxmega5\libm.a(fp_pscB.o)
                              c:/program files (x86)/atmel/studio/7.0/toolchain/avr8/avr8-gnu-toolchain/bin/../lib/gcc/avr/5.4.0/../../../../avr/lib/avrxmega5\libm.a(addsf3x.o) (__fp_pscB)
c:/program files (x86)/atmel/studio/7.0/toolchain/avr8/avr8-gnu-toolchain/bin/../lib/gcc/avr/5.4.0/../../../../avr/lib/avrxmega5\libm.a(fp_round.o)
                              c:/program files (x86)/atmel/studio/7.0/toolchain/avr8/avr8-gnu-toolchain/bin/../lib/gcc/avr/5.4.0/../../../../avr/lib/avrxmega5\libm.a(addsf3.o) (__fp_round)
c:/program files (x86)/atmel/studio/7.0/toolchain/avr8/avr8-gnu-toolchain/bin/../lib/gcc/avr/5.4.0/../../../../avr/lib/avrxmega5\libm.a(fp_split3.o)
                              c:/program files (x86)/atmel/studio/7.0/toolchain/avr8/avr8-gnu-toolchain/bin/../lib/gcc/avr/5.4.0/../../../../avr/lib/avrxmega5\libm.a(addsf3x.o) (__fp_split3)
c:/program files (x86)/atmel/studio/7.0/toolchain/avr8/avr8-gnu-toolchain/bin/../lib/gcc/avr/5.4.0/../../../../avr/lib/avrxmega5\libm.a(fp_zero.o)
                              c:/program files (x86)/atmel/studio/7.0/toolchain/avr8/avr8-gnu-toolchain/bin/../lib/gcc/avr/5.4.0/../../../../avr/lib/avrxmega5\libm.a(addsf3x.o) (__fp_zero)
c:/program files (x86)/atmel/studio/7.0/toolchain/avr8/avr8-gnu-toolchain/bin/../lib/gcc/avr/5.4.0/../../../../avr/lib/avrxmega5\libm.a(gesf2.o)
                              alarm.o (__gesf2)
c:/program files (x86)/atmel/studio/7.0/toolchain/avr8/avr8-gnu-toolchain/bin/../lib/gcc/avr/5.4.0/../../../../avr/lib/avrxmega5\libm.a(mulsf3.o)
                              adc.o (__mulsf3)
c:/program files (x86)/atmel/studio/7.0/toolchain/avr8/avr8-gnu-toolchain/bin/../lib/gcc/avr/5.4.0/../../../../avr/lib/avrxmega5\libm.a(mulsf3x.o)
[...]
Memory Configuration

Name             Origin             Length             Attributes
text             0x00000000         0x00100000         xr
data             0x00802000         0x0000ffa0         rw !x
eeprom           0x00810000         0x00010000         rw !x
fuse             0x00820000         0x00000006         rw !x
lock             0x00830000         0x00000400         rw !x
signature        0x00840000         0x00000400         rw !x
user_signatures  0x00850000         0x00000400         rw !x
*default*        0x00000000         0xffffffff

Linker script and memory map

LOAD C:/Program Files (x86)/Atmel/Studio/7.0/Packs/atmel/XMEGAA_DFP/1.1.68/gcc/dev/atxmega64a1u/avrxmega5/crtatxmega64a1u.o
LOAD adc.o
LOAD alarm.o
LOAD CAN.o
LOAD can_queue.o
LOAD event_logging.o
LOAD event_log_queue.o
LOAD intercommunication.o
LOAD lcd_screen.o
LOAD motor.o
LOAD RB_800_A2.o
LOAD RB_settings.o
LOAD SD_card.o
LOAD SPI.o
LOAD timers.o
LOAD twi_master_driver.o
START GROUP
LOAD c:/program files (x86)/atmel/studio/7.0/toolchain/avr8/avr8-gnu-toolchain/bin/../lib/gcc/avr/5.4.0/../../../../avr/lib/avrxmega5\libm.a
END GROUP
START GROUP
LOAD c:/program files (x86)/atmel/studio/7.0/toolchain/avr8/avr8-gnu-toolchain/bin/../lib/gcc/avr/5.4.0/avrxmega5\libgcc.a
LOAD c:/program files (x86)/atmel/studio/7.0/toolchain/avr8/avr8-gnu-toolchain/bin/../lib/gcc/avr/5.4.0/../../../../avr/lib/avrxmega5\libm.a
LOAD c:/program files (x86)/atmel/studio/7.0/toolchain/avr8/avr8-gnu-toolchain/bin/../lib/gcc/avr/5.4.0/../../../../avr/lib/avrxmega5\libc.a
LOAD C:/Program Files (x86)/Atmel/Studio/7.0/Packs/atmel/XMEGAA_DFP/1.1.68/gcc/dev/atxmega64a1u/avrxmega5\libatxmega64a1u.a
END GROUP
                0x00000000                __TEXT_REGION_ORIGIN__ = DEFINED (__TEXT_REGION_ORIGIN__)?__TEXT_REGION_ORIGIN__:0x0
                0x00802000                __DATA_REGION_ORIGIN__ = DEFINED (__DATA_REGION_ORIGIN__)?__DATA_REGION_ORIGIN__:0x802000
                0x00100000                __TEXT_REGION_LENGTH__ = DEFINED (__TEXT_REGION_LENGTH__)?__TEXT_REGION_LENGTH__:0x100000
                0x0000ffa0                __DATA_REGION_LENGTH__ = DEFINED (__DATA_REGION_LENGTH__)?__DATA_REGION_LENGTH__:0xffa0
                0x00010000                __EEPROM_REGION_LENGTH__ = DEFINED (__EEPROM_REGION_LENGTH__)?__EEPROM_REGION_LENGTH__:0x10000
                [0x00000006]                __FUSE_REGION_LENGTH__ = DEFINED (__FUSE_REGION_LENGTH__)?__FUSE_REGION_LENGTH__:0x400
                0x00000400                __LOCK_REGION_LENGTH__ = DEFINED (__LOCK_REGION_LENGTH__)?__LOCK_REGION_LENGTH__:0x400
                0x00000400                __SIGNATURE_REGION_LENGTH__ = DEFINED (__SIGNATURE_REGION_LENGTH__)?__SIGNATURE_REGION_LENGTH__:0x400
                0x00000400                __USER_SIGNATURE_REGION_LENGTH__ = DEFINED (__USER_SIGNATURE_REGION_LENGTH__)?__USER_SIGNATURE_REGION_LENGTH__:0x400

.hash
 *(.hash)

.dynsym
 *(.dynsym)

.dynstr
 *(.dynstr)

.gnu.version
 *(.gnu.version)

.gnu.version_d
 *(.gnu.version_d)

.gnu.version_r
 *(.gnu.version_r)

.rel.init
 *(.rel.init)

.rela.init
 *(.rela.init)

.rel.text
 *(.rel.text)
 *(.rel.text.*)
 *(.rel.gnu.linkonce.t*)

.rela.text
 *(.rela.text)
 *(.rela.text.*)
 *(.rela.gnu.linkonce.t*)

.rel.fini
 *(.rel.fini)

.rela.fini
 *(.rela.fini)

.rel.rodata
 *(.rel.rodata)
 *(.rel.rodata.*)
 *(.rel.gnu.linkonce.r*)

.rela.rodata
 *(.rela.rodata)
 *(.rela.rodata.*)
 *(.rela.gnu.linkonce.r*)

.rel.data
 *(.rel.data)
 *(.rel.data.*)
 *(.rel.gnu.linkonce.d*)

.rela.data
 *(.rela.data)
 *(.rela.data.*)
 *(.rela.gnu.linkonce.d*)

.rel.ctors
 *(.rel.ctors)

.rela.ctors
 *(.rela.ctors)

.rel.dtors
 *(.rel.dtors)

.rela.dtors
 *(.rela.dtors)

.rel.got
 *(.rel.got)

.rela.got
 *(.rela.got)

.rel.bss
 *(.rel.bss)

.rela.bss
 *(.rela.bss)

.rel.plt
 *(.rel.plt)

.rela.plt
 *(.rela.plt)

.text           0x00000000     0x6ac8
 *(.vectors)
 .vectors       0x00000000      0x1fc C:/Program Files (x86)/Atmel/Studio/7.0/Packs/atmel/XMEGAA_DFP/1.1.68/gcc/dev/atxmega64a1u/avrxmega5/crtatxmega64a1u.o
                0x00000000                __vector_default
                0x00000000                __vectors
 *(.vectors)
 *(.progmem.gcc*)
 .progmem.gcc_sw_table.processCAN
                0x000001fc      0x15e intercommunication.o
                0x0000035a                . = ALIGN (0x2)
                0x0000035a                __trampolines_start = .
 *(.trampolines)
 .trampolines   0x0000035a        0x0 linker stubs
 *(.trampolines*)
                0x0000035a                __trampolines_end = .
 *libprintf_flt.a:*(.progmem.data)
 *libc.a:*(.progmem.data)
 *(.progmem*)
                0x0000035a                . = ALIGN (0x2)
 *(.jumptables)
 *(.jumptables*)
 *(.lowtext)
 *(.lowtext*)
                0x0000035a                __ctors_start = .
 *(.ctors)
                0x0000035a                __ctors_end = .
                0x0000035a                __dtors_start = .
 *(.dtors)
                0x0000035a                __dtors_end = .
 SORT(*)(.ctors)
 SORT(*)(.dtors)
 *(.init0)
 .init0         0x0000035a        0x0 C:/Program Files (x86)/Atmel/Studio/7.0/Packs/atmel/XMEGAA_DFP/1.1.68/gcc/dev/atxmega64a1u/avrxmega5/crtatxmega64a1u.o
                0x0000035a                __init
 *(.init0)
 *(.init1)
 *(.init1)
 *(.init2)
 .init2         0x0000035a       0x14 C:/Program Files (x86)/Atmel/Studio/7.0/Packs/atmel/XMEGAA_DFP/1.1.68/gcc/dev/atxmega64a1u/avrxmega5/crtatxmega64a1u.o
 *(.init2)
 *(.init3)
 *(.init3)
 *(.init4)
 .init4         0x0000036e       0x1c c:/program files (x86)/atmel/studio/7.0/toolchain/avr8/avr8-gnu-toolchain/bin/../lib/gcc/avr/5.4.0/avrxmega5\libgcc.a(_copy_data.o)
                0x0000036e                __do_copy_data
 .init4         0x0000038a       0x10 c:/program files (x86)/atmel/studio/7.0/toolchain/avr8/avr8-gnu-toolchain/bin/../lib/gcc/avr/5.4.0/avrxmega5\libgcc.a(_clear_bss.o)
                0x0000038a                __do_clear_bss
 *(.init4)
 *(.init5)
 *(.init5)
 *(.init6)
 *(.init6)
 *(.init7)
 *(.init7)
 *(.init8)
 *(.init8)
 *(.init9)
 .init9         0x0000039a        0x8 C:/Program Files (x86)/Atmel/Studio/7.0/Packs/atmel/XMEGAA_DFP/1.1.68/gcc/dev/atxmega64a1u/avrxmega5/crtatxmega64a1u.o
 *(.init9)
 *(.text)
 .text          0x000003a2        0x4 C:/Program Files (x86)/Atmel/Studio/7.0/Packs/atmel/XMEGAA_DFP/1.1.68/gcc/dev/atxmega64a1u/avrxmega5/crtatxmega64a1u.o
                0x000003a2                __vector_38
                0x000003a2                __vector_63
                0x000003a2                __vector_28
                0x000003a2                __vector_67
                0x000003a2                __vector_1
                0x000003a2                __vector_119
                0x000003a2                __vector_32
                0x000003a2                __vector_75
                0x000003a2                __vector_71
                0x000003a2                __vector_91
                0x000003a2                __vector_62
                0x000003a2                __vector_77
                0x000003a2                __vector_102
                0x000003a2                __vector_24
                0x000003a2                __vector_12
                0x000003a2                __vector_69
                0x000003a2                __vector_81
                0x000003a2                __vector_90
                0x000003a2                __vector_46
                0x000003a2                __bad_interrupt
                0x000003a2                __vector_122
                0x000003a2                __vector_72
                0x000003a2                __vector_114
                0x000003a2                __vector_6
                0x000003a2                __vector_31
                0x000003a2                __vector_92
                0x000003a2                __vector_35
                0x000003a2                __vector_78
                0x000003a2                __vector_74
                0x000003a2                __vector_117
                0x000003a2                __vector_39
                0x000003a2                __vector_107
                0x000003a2                __vector_3
                0x000003a2                __vector_105
                0x000003a2                __vector_98
                0x000003a2                __vector_23
                0x000003a2                __vector_68
                0x000003a2                __vector_30
                0x000003a2                __vector_73
                0x000003a2                __vector_45
                0x000003a2                __vector_25
                0x000003a2                __vector_93
                0x000003a2                __vector_61
                0x000003a2                __vector_11
                0x000003a2                __vector_54
                0x000003a2                __vector_99
                0x000003a2                __vector_17
                0x000003a2                __vector_19
                0x000003a2                __vector_56
                0x000003a2                __vector_7
                0x000003a2                __vector_125
                0x000003a2                __vector_49
                0x000003a2                __vector_123
                0x000003a2                __vector_41
                0x000003a2                __vector_86
                0x000003a2                __vector_101
                0x000003a2                __vector_88
                0x000003a2                __vector_109
                0x000003a2                __vector_27
                0x000003a2                __vector_5
                0x000003a2                __vector_113
                0x000003a2                __vector_33
                0x000003a2                __vector_76
                0x000003a2                __vector_115
                0x000003a2                __vector_47
                0x000003a2                __vector_52
                0x000003a2                __vector_37
                0x000003a2                __vector_95
                0x000003a2                __vector_103
                0x000003a2                __vector_96
                0x000003a2                __vector_89
                0x000003a2                __vector_108
                0x000003a2                __vector_4
                0x000003a2                __vector_44
                0x000003a2                __vector_82
                0x000003a2                __vector_106
                0x000003a2                __vector_118
                0x000003a2                __vector_51
                0x000003a2                __vector_9
                0x000003a2                __vector_21
                0x000003a2                __vector_15
                0x000003a2                __vector_36
                0x000003a2                __vector_58
                0x000003a2                __vector_70
                0x000003a2                __vector_83
                0x000003a2                __vector_29
                0x000003a2                __vector_60
                0x000003a2                __vector_121
                0x000003a2                __vector_40
                0x000003a2                __vector_94
                0x000003a2                __vector_126
                0x000003a2                __vector_8
                0x000003a2                __vector_26
                0x000003a2                __vector_48
                0x000003a2                __vector_124
                0x000003a2                __vector_116
                0x000003a2                __vector_112
                0x000003a2                __vector_111
                0x000003a2                __vector_80
                0x000003a2                __vector_14
                0x000003a2                __vector_84
                0x000003a2                __vector_57
                0x000003a2                __vector_53
                0x000003a2                __vector_10
                0x000003a2                __vector_50
                0x000003a2                __vector_59
                0x000003a2                __vector_18
                0x000003a2                __vector_97
                0x000003a2                __vector_20
                0x000003a2                __vector_42
                0x000003a2                __vector_87
                0x000003a2                __vector_65
                0x000003a2                __vector_120
                0x000003a6                . = ALIGN (0x2)
 *(.text.*)
 .text.initialize_ADC
                0x000003a6       0x62 adc.o
                0x000003a6                initialize_ADC
 .text.send_battery_voltage
                0x00000408      0x13a adc.o
                0x00000408                send_battery_voltage
 .text.check_fuses
                0x00000542       0x94 adc.o
                0x00000542                check_fuses
 .text.measure_currents
                0x000005d6      0x988 adc.o
                0x000005d6                measure_currents
 .text.measure_v_off
                0x00000f5e      0x308 adc.o
                0x00000f5e                measure_v_off
 .text.initialize_alarms
                0x00001266       0xb0 alarm.o
                0x00001266                initialize_alarms
 .text.send_alarm
                0x00001316       0x26 alarm.o
                0x00001316                send_alarm
 .text.send_top_error
                0x0000133c       0x3a alarm.o
                0x0000133c                send_top_error
 .text.send_fuse_error
                0x00001376       0x3a alarm.o
                0x00001376                send_fuse_error
 .text.send_fault_error
                0x000013b0       0x3a alarm.o
                0x000013b0                send_fault_error
 .text.send_bm_overcurrent_error
                0x000013ea       0x3a alarm.o
                0x000013ea                send_bm_overcurrent_error
 .text.send_tank_full
                0x00001424       0x24 alarm.o
                0x00001424                send_tank_full
 .text.__vector_43
                0x00001448       0x98 alarm.o
                0x00001448                __vector_43
 .text.__vector_64
                0x000014e0      0x182 alarm.o
                0x000014e0                __vector_64
 .text.__vector_34
                0x00001662       0x3e alarm.o
                0x00001662                __vector_34
 .text.__vector_66
                0x000016a0       0x5c alarm.o
                0x000016a0                __vector_66
 .text.write_bytes_CAN
                0x000016fc       0x4e CAN.o
                0x000016fc                write_bytes_CAN
 .text.initialize_CAN
                0x0000174a      0x10e CAN.o
                0x0000174a                initialize_CAN
 .text.read_bytes_CAN
                0x00001858       0x4e CAN.o
                0x00001858                read_bytes_CAN
 .text.read_byte_CAN
                0x000018a6       0x5a CAN.o
                0x000018a6                read_byte_CAN
 .text.transmit_CAN
                0x00001900       0x4a CAN.o
                0x00001900                transmit_CAN
 .text.transmit_CAN_
                0x0000194a      0x13a CAN.o
                0x0000194a                transmit_CAN_
 .text.reset_CAN_error
                0x00001a84       0x24 CAN.o
                0x00001a84                reset_CAN_error
 .text.__vector_2
                0x00001aa8      0x172 CAN.o
                0x00001aa8                __vector_2
 .text.CQ_initialize
                0x00001c1a       0x1c can_queue.o
                0x00001c1a                CQ_initialize
 .text.CQRx_queueIsEmpty
                0x00001c36       0x10 can_queue.o
                0x00001c36                CQRx_queueIsEmpty
 .text.CQRx_enqueue
                0x00001c46       0xac can_queue.o
                0x00001c46                CQRx_enqueue
 .text.CQRx_dequeue
                0x00001cf2       0x56 can_queue.o
                0x00001cf2                CQRx_dequeue
 .text.CQTx_enqueue
                0x00001d48       0x48 can_queue.o
                0x00001d48                CQTx_enqueue
 .text.CQTx_dequeue
                0x00001d90       0x4c can_queue.o
                0x00001d90                CQTx_dequeue
 .text.ReadU32BE
                0x00001ddc       0x2c event_logging.o
                0x00001ddc                ReadU32BE
 .text.ReadU16BE
                0x00001e08       0x16 event_logging.o
                0x00001e08                ReadU16BE
 .text.log_event
                0x00001e1e      0x516 event_logging.o
                0x00001e1e                log_event
 .text.clear_event_buffer
                0x00002334       0x18 event_logging.o
                0x00002334                clear_event_buffer
 .text.initialize_event_logging
                0x0000234c      0x258 event_logging.o
                0x0000234c                initialize_event_logging
 .text.initialize_event_log_queue
                0x000025a4       0x10 event_log_queue.o
                0x000025a4                initialize_event_log_queue
 .text.log_enqueue_data
                0x000025b4       0xea event_log_queue.o
                0x000025b4                log_enqueue_data
 .text.log_enqueue
                0x0000269e       0x8a event_log_queue.o
                0x0000269e                log_enqueue
 .text.log_dequeue
                0x00002728       0x5c event_log_queue.o
                0x00002728                log_dequeue
 .text.update_brush_state
                0x00002784       0x2a intercommunication.o
                0x00002784                update_brush_state
 .text.update_vacuum_state
                0x000027ae       0x2a intercommunication.o
                0x000027ae                update_vacuum_state
 .text.update_all_settings
                0x000027d8      0x36c intercommunication.o
                0x000027d8                update_all_settings
 .text.send_CAN_ACK
                0x00002b44       0x28 intercommunication.o
                0x00002b44                send_CAN_ACK
 .text.send_serial_num
                0x00002b6c      0x124 intercommunication.o
                0x00002b6c                send_serial_num
 .text.send_reset_CAN
                0x00002c90       0x36 intercommunication.o
                0x00002c90                send_reset_CAN
 .text.send_CAN_buffer_overflow
                0x00002cc6       0x28 intercommunication.o
                0x00002cc6                send_CAN_buffer_overflow
 .text.send_SD_buffer_overflow
                0x00002cee       0x28 intercommunication.o
                0x00002cee                send_SD_buffer_overflow
 .text.send_SD_card_fail
                0x00002d16       0x28 intercommunication.o
                0x00002d16                send_SD_card_fail
 .text.send_statistics
                0x00002d3e      0x266 intercommunication.o
                0x00002d3e                send_statistics
 .text.processCAN
                0x00002fa4      0x37c intercommunication.o
                0x00002fa4                processCAN
 .text.initialize_Screen
                0x00003320       0x8e lcd_screen.o
                0x00003320                initialize_Screen
 .text.brush_motor_set
                0x000033ae      0x1e0 motor.o
                0x000033ae                brush_motor_set
 .text.vacuum_motor_set
                0x0000358e      0x124 motor.o
                0x0000358e                vacuum_motor_set
 .text.pre_swp_set
                0x000036b2      0x154 motor.o
                0x000036b2                pre_swp_set
 .text.detergent_pump_set
                0x00003806       0x54 motor.o
                0x00003806                detergent_pump_set
 .text.water_pump_set
                0x0000385a       0x7c motor.o
                0x0000385a                water_pump_set
 .text.headlights_set
                0x000038d6       0x1e motor.o
                0x000038d6                headlights_set
 .text.horn_set
                0x000038f4       0x20 motor.o
                0x000038f4                horn_set
 .text.Solenoid_set
                0x00003914       0x12 motor.o
                0x00003914                Solenoid_set
 .text.extra_pressure_set
                0x00003926       0xac motor.o
                0x00003926                extra_pressure_set
 .text.initialize_motors
                0x000039d2      0x116 motor.o
                0x000039d2                initialize_motors
 .text.accelerator_up
                0x00003ae8       0x8c motor.o
                0x00003ae8                accelerator_up
 .text.update_pumps
                0x00003b74       0xe8 motor.o
                0x00003b74                update_pumps
 .text.accelerator_down
                0x00003c5c       0x80 motor.o
                0x00003c5c                accelerator_down
 .text.__vector_104
                0x00003cdc      0x10e motor.o
                0x00003cdc                __vector_104
 .text.__vector_100
                0x00003dea       0x88 motor.o
                0x00003dea                __vector_100
 .text.initialize
                0x00003e72      0x116 RB_800_A2.o
                0x00003e72                initialize
 .text.main     0x00003f88      0x94a RB_800_A2.o
                0x00003f88                main
 .text.__vector_13
                0x000048d2       0x6a RB_800_A2.o
                0x000048d2                __vector_13
 .text.set_to_default
                0x0000493c       0x88 RB_settings.o
                0x0000493c                set_to_default
 .text.initialize_RB_settings
                0x000049c4      0x274 RB_settings.o
                0x000049c4                initialize_RB_settings
 .text.update_brush_slow_start
                0x00004c38       0x1c RB_settings.o
                0x00004c38                update_brush_slow_start
 .text.update_vaccum_slow_start
                0x00004c54       0x1c RB_settings.o
                0x00004c54                update_vaccum_slow_start
 .text.update_pre_swp_slow_start
                0x00004c70       0x1c RB_settings.o
                0x00004c70                update_pre_swp_slow_start
 .text.initialize_SD_card
                0x00004c8c      0x2e4 SD_card.o
                0x00004c8c                initialize_SD_card
 .text.write_block_SD
                0x00004f70       0xf6 SD_card.o
                0x00004f70                write_block_SD
 .text.read_block_SD
                0x00005066      0x108 SD_card.o
                0x00005066                read_block_SD
 .text.erase_SD_card
                0x0000516e       0x1c SD_card.o
                0x0000516e                erase_SD_card
 .text.initialize_SPI
                0x0000518a       0x24 SPI.o
                0x0000518a                initialize_SPI
 .text.write_byte_SPI_SD_CAN
                0x000051ae       0x1a SPI.o
                0x000051ae                write_byte_SPI_SD_CAN
 .text.write_read_byte_SPI_SD_CAN
                0x000051c8        0xa SPI.o
                0x000051c8                write_read_byte_SPI_SD_CAN
 .text.write_bytes_SPI_SD_CAN
                0x000051d2       0x2a SPI.o
                0x000051d2                write_bytes_SPI_SD_CAN
 .text.read_bytes_SPI_SD_CAN
                0x000051fc       0x44 SPI.o
                0x000051fc                read_bytes_SPI_SD_CAN
 .text.initialize_timers
                0x00005240       0x36 timers.o
                0x00005240                initialize_timers
 .text.initialize_32Mhz
                0x00005276       0x1c timers.o
                0x00005276                initialize_32Mhz
 .text.start_100_ms_timer
                0x00005292       0x16 timers.o
                0x00005292                start_100_ms_timer
 .text.start_25_ms_vacuum_timer
                0x000052a8       0x16 timers.o
                0x000052a8                start_25_ms_vacuum_timer
 .text.start_25_ms_brush_timer
                0x000052be       0x16 timers.o
                0x000052be                start_25_ms_brush_timer
 .text.start_25_ms_pre_swp_timer
                0x000052d4       0x16 timers.o
                0x000052d4                start_25_ms_pre_swp_timer
 .text.stop_25_ms_vacuum_timer
                0x000052ea        0xa timers.o
                0x000052ea                stop_25_ms_vacuum_timer
 .text.stop_25_ms_brush_timer
                0x000052f4        0xa timers.o
                0x000052f4                stop_25_ms_brush_timer
 .text.stop_25_ms_pre_swp_timer
                0x000052fe        0xa timers.o
                0x000052fe                stop_25_ms_pre_swp_timer
 .text.send_runtime_timer
                0x00005308       0x2a timers.o
                0x00005308                send_runtime_timer
 .text.__vector_110
                0x00005332      0x146 timers.o
                0x00005332                __vector_110
 .text.__vector_22
                0x00005478      0x14a timers.o
                0x00005478                __vector_22
 .text.__vector_85
                0x000055c2      0x146 timers.o
                0x000055c2                __vector_85
 .text.__vector_55
                0x00005708      0x14e timers.o
                0x00005708                __vector_55
 .text.__vector_79
                0x00005856      0x3ac timers.o
                0x00005856                __vector_79
 .text.__vector_16
                0x00005c02       0x6e timers.o
                0x00005c02                __vector_16
 .text.TWI_MasterInit
                0x00005c70       0x22 twi_master_driver.o
                0x00005c70                TWI_MasterInit
 .text.TWI_MasterWriteRead
                0x00005c92       0xbc twi_master_driver.o
                0x00005c92                TWI_MasterWriteRead
 .text.TWI_MasterWrite
                0x00005d4e       0x1e twi_master_driver.o
                0x00005d4e                TWI_MasterWrite
 .text.TWI_MasterArbitrationLostBusErrorHandler
                0x00005d6c       0x30 twi_master_driver.o
                0x00005d6c                TWI_MasterArbitrationLostBusErrorHandler
 .text.TWI_MasterWriteHandler
                0x00005d9c       0x80 twi_master_driver.o
                0x00005d9c                TWI_MasterWriteHandler
 .text.TWI_MasterReadHandler
                0x00005e1c       0x7e twi_master_driver.o
                0x00005e1c                TWI_MasterReadHandler
 .text.TWI_MasterInterruptHandler
                0x00005e9a       0x38 twi_master_driver.o
                0x00005e9a                TWI_MasterInterruptHandler
 .text.avr-libc.fplib
                0x00005ed2        0xe c:/program files (x86)/atmel/studio/7.0/toolchain/avr8/avr8-gnu-toolchain/bin/../lib/gcc/avr/5.4.0/../../../../avr/lib/avrxmega5\libm.a(addsf3.o)
                0x00005ed2                __subsf3
                0x00005ed4                __addsf3
 .text.avr-libc.fplib
                0x00005ee0       0xcc c:/program files (x86)/atmel/studio/7.0/toolchain/avr8/avr8-gnu-toolchain/bin/../lib/gcc/avr/5.4.0/../../../../avr/lib/avrxmega5\libm.a(addsf3x.o)
                0x00005f02                __addsf3x
 .text.avr-libc.fplib
                0x00005fac        0xa c:/program files (x86)/atmel/studio/7.0/toolchain/avr8/avr8-gnu-toolchain/bin/../lib/gcc/avr/5.4.0/../../../../avr/lib/avrxmega5\libm.a(cmpsf2.o)
                0x00005fac                __nesf2
                0x00005fac                __eqsf2
                0x00005fac                __cmpsf2
                0x00005fac                __ltsf2
                0x00005fac                __lesf2
 .text.avr-libc.fplib
                0x00005fb6        0x8 c:/program files (x86)/atmel/studio/7.0/toolchain/avr8/avr8-gnu-toolchain/bin/../lib/gcc/avr/5.4.0/../../../../avr/lib/avrxmega5\libm.a(divsf3.o)
                0x00005fb6                __divsf3
 .text.avr-libc.fplib
                0x00005fbe       0xdc c:/program files (x86)/atmel/studio/7.0/toolchain/avr8/avr8-gnu-toolchain/bin/../lib/gcc/avr/5.4.0/../../../../avr/lib/avrxmega5\libm.a(divsf3x.o)
                0x00005fde                __divsf3x
                0x00005fe4                __divsf3_pse
 .text.avr-libc.fplib
                0x0000609a       0x5e c:/program files (x86)/atmel/studio/7.0/toolchain/avr8/avr8-gnu-toolchain/bin/../lib/gcc/avr/5.4.0/../../../../avr/lib/avrxmega5\libm.a(fixunssfsi.o)
                0x0000609a                __fixunssfsi
 .text.avr-libc.fplib
                0x000060f8       0x7a c:/program files (x86)/atmel/studio/7.0/toolchain/avr8/avr8-gnu-toolchain/bin/../lib/gcc/avr/5.4.0/../../../../avr/lib/avrxmega5\libm.a(floatsisf.o)
                0x000060f8                __floatunsisf
                0x000060fc                __floatsisf
 .text.avr-libc.fplib
                0x00006172       0x48 c:/program files (x86)/atmel/studio/7.0/toolchain/avr8/avr8-gnu-toolchain/bin/../lib/gcc/avr/5.4.0/../../../../avr/lib/avrxmega5\libm.a(fp_cmp.o)
                0x00006172                __fp_cmp
 .text.avr-libc.fplib
                0x000061ba        0xc c:/program files (x86)/atmel/studio/7.0/toolchain/avr8/avr8-gnu-toolchain/bin/../lib/gcc/avr/5.4.0/../../../../avr/lib/avrxmega5\libm.a(fp_inf.o)
                0x000061ba                __fp_inf
 .text.avr-libc.fplib
                0x000061c6        0x6 c:/program files (x86)/atmel/studio/7.0/toolchain/avr8/avr8-gnu-toolchain/bin/../lib/gcc/avr/5.4.0/../../../../avr/lib/avrxmega5\libm.a(fp_nan.o)
                0x000061c6                __fp_nan
 .text.avr-libc.fplib
                0x000061cc        0xe c:/program files (x86)/atmel/studio/7.0/toolchain/avr8/avr8-gnu-toolchain/bin/../lib/gcc/avr/5.4.0/../../../../avr/lib/avrxmega5\libm.a(fp_pscA.o)
                0x000061cc                __fp_pscA
 .text.avr-libc.fplib
                0x000061da        0xe c:/program files (x86)/atmel/studio/7.0/toolchain/avr8/avr8-gnu-toolchain/bin/../lib/gcc/avr/5.4.0/../../../../avr/lib/avrxmega5\libm.a(fp_pscB.o)
                0x000061da                __fp_pscB
 .text.avr-libc.fplib
                0x000061e8       0x22 c:/program files (x86)/atmel/studio/7.0/toolchain/avr8/avr8-gnu-toolchain/bin/../lib/gcc/avr/5.4.0/../../../../avr/lib/avrxmega5\libm.a(fp_round.o)
                0x000061e8                __fp_round
 .text.avr-libc.fplib
                0x0000620a       0x44 c:/program files (x86)/atmel/studio/7.0/toolchain/avr8/avr8-gnu-toolchain/bin/../lib/gcc/avr/5.4.0/../../../../avr/lib/avrxmega5\libm.a(fp_split3.o)
                0x0000620a                __fp_split3
                0x0000621a                __fp_splitA
 .text.avr-libc.fplib
                0x0000624e        0xe c:/program files (x86)/atmel/studio/7.0/toolchain/avr8/avr8-gnu-toolchain/bin/../lib/gcc/avr/5.4.0/../../../../avr/lib/avrxmega5\libm.a(fp_zero.o)
                0x0000624e                __fp_zero
                0x00006250                __fp_szero
 .text.avr-libc.fplib
                0x0000625c        0xa c:/program files (x86)/atmel/studio/7.0/toolchain/avr8/avr8-gnu-toolchain/bin/../lib/gcc/avr/5.4.0/../../../../avr/lib/avrxmega5\libm.a(gesf2.o)
                0x0000625c                __gesf2
                0x0000625c                __gtsf2
 .text.avr-libc.fplib
                0x00006266        0x8 c:/program files (x86)/atmel/studio/7.0/toolchain/avr8/avr8-gnu-toolchain/bin/../lib/gcc/avr/5.4.0/../../../../avr/lib/avrxmega5\libm.a(mulsf3.o)
                0x00006266                __mulsf3
 .text.avr-libc.fplib
                0x0000626e       0xd2 c:/program files (x86)/atmel/studio/7.0/toolchain/avr8/avr8-gnu-toolchain/bin/../lib/gcc/avr/5.4.0/../../../../avr/lib/avrxmega5\libm.a(mulsf3x.o)
                0x0000628c                __mulsf3x
                0x00006292                __mulsf3_pse
 .text.libgcc.div
                0x00006340       0x28 c:/program files (x86)/atmel/studio/7.0/toolchain/avr8/avr8-gnu-toolchain/bin/../lib/gcc/avr/5.4.0/avrxmega5\libgcc.a(_udivmodhi4.o)
                0x00006340                __udivmodhi4
 .text.libgcc.div
                0x00006368       0x28 c:/program files (x86)/atmel/studio/7.0/toolchain/avr8/avr8-gnu-toolchain/bin/../lib/gcc/avr/5.4.0/avrxmega5\libgcc.a(_divmodhi4.o)
                0x00006368                _div
                0x00006368                __divmodhi4
 .text.libgcc.div
                0x00006390       0x44 c:/program files (x86)/atmel/studio/7.0/toolchain/avr8/avr8-gnu-toolchain/bin/../lib/gcc/avr/5.4.0/avrxmega5\libgcc.a(_udivmodsi4.o)
                0x00006390                __udivmodsi4
 .text.libgcc   0x000063d4       0x14 c:/program files (x86)/atmel/studio/7.0/toolchain/avr8/avr8-gnu-toolchain/bin/../lib/gcc/avr/5.4.0/avrxmega5\libgcc.a(_tablejump2.o)
                0x000063d4                __tablejump2__
 .text.libgcc.mul
                0x000063e8       0x1e c:/program files (x86)/atmel/studio/7.0/toolchain/avr8/avr8-gnu-toolchain/bin/../lib/gcc/avr/5.4.0/avrxmega5\libgcc.a(_umulhisi3.o)
                0x000063e8                __umulhisi3
 .text.libgcc.mul
                0x00006406       0x16 c:/program files (x86)/atmel/studio/7.0/toolchain/avr8/avr8-gnu-toolchain/bin/../lib/gcc/avr/5.4.0/avrxmega5\libgcc.a(_muluhisi3.o)
                0x00006406                __muluhisi3
 .text.avr-libc
                0x0000641c       0x12 c:/program files (x86)/atmel/studio/7.0/toolchain/avr8/avr8-gnu-toolchain/bin/../lib/gcc/avr/5.4.0/../../../../avr/lib/avrxmega5\libc.a(strcmp.o)
                0x0000641c                strcmp
 .text.avr-libc
                0x0000642e       0x52 c:/program files (x86)/atmel/studio/7.0/toolchain/avr8/avr8-gnu-toolchain/bin/../lib/gcc/avr/5.4.0/../../../../avr/lib/avrxmega5\libc.a(sprintf.o)
                0x0000642e                sprintf
 .text.avr-libc
                0x00006480      0x408 c:/program files (x86)/atmel/studio/7.0/toolchain/avr8/avr8-gnu-toolchain/bin/../lib/gcc/avr/5.4.0/../../../../avr/lib/avrxmega5\libc.a(vfprintf_std.o)
                0x00006480                vfprintf
 .text.avr-libc
                0x00006888       0x16 c:/program files (x86)/atmel/studio/7.0/toolchain/avr8/avr8-gnu-toolchain/bin/../lib/gcc/avr/5.4.0/../../../../avr/lib/avrxmega5\libc.a(strnlen_P.o)
                0x00006888                strnlen_P
 .text.avr-libc
                0x0000689e       0x16 c:/program files (x86)/atmel/studio/7.0/toolchain/avr8/avr8-gnu-toolchain/bin/../lib/gcc/avr/5.4.0/../../../../avr/lib/avrxmega5\libc.a(strnlen.o)
                0x0000689e                strnlen
 .text.avr-libc
                0x000068b4       0x78 c:/program files (x86)/atmel/studio/7.0/toolchain/avr8/avr8-gnu-toolchain/bin/../lib/gcc/avr/5.4.0/../../../../avr/lib/avrxmega5\libc.a(fputc.o)
                0x000068b4                fputc
 .text.avr-libc
                0x0000692c       0xbc c:/program files (x86)/atmel/studio/7.0/toolchain/avr8/avr8-gnu-toolchain/bin/../lib/gcc/avr/5.4.0/../../../../avr/lib/avrxmega5\libc.a(ultoa_invert.o)
                0x0000692c                __ultoa_invert
 .text.avr-libc
                0x000069e8       0x18 C:/Program Files (x86)/Atmel/Studio/7.0/Packs/atmel/XMEGAA_DFP/1.1.68/gcc/dev/atxmega64a1u/avrxmega5\libatxmega64a1u.a(eerd_block.o)
                0x000069e8                eeprom_read_block
 .text.avr-libc
                0x00006a00       0x20 C:/Program Files (x86)/Atmel/Studio/7.0/Packs/atmel/XMEGAA_DFP/1.1.68/gcc/dev/atxmega64a1u/avrxmega5\libatxmega64a1u.a(eerd_byte.o)
                0x00006a00                eeprom_read_byte
                0x00006a08                eeprom_mapen
 .text.avr-libc
                0x00006a20        0xa C:/Program Files (x86)/Atmel/Studio/7.0/Packs/atmel/XMEGAA_DFP/1.1.68/gcc/dev/atxmega64a1u/avrxmega5\libatxmega64a1u.a(eerd_word.o)
                0x00006a20                eeprom_read_word
 .text.avr-libc
                0x00006a2a       0x20 C:/Program Files (x86)/Atmel/Studio/7.0/Packs/atmel/XMEGAA_DFP/1.1.68/gcc/dev/atxmega64a1u/avrxmega5\libatxmega64a1u.a(eeupd_block.o)
                0x00006a2a                eeprom_update_block
 .text.avr-libc
                0x00006a4a       0x16 C:/Program Files (x86)/Atmel/Studio/7.0/Packs/atmel/XMEGAA_DFP/1.1.68/gcc/dev/atxmega64a1u/avrxmega5\libatxmega64a1u.a(eeupd_byte.o)
                0x00006a4a                eeprom_update_byte
                0x00006a4c                eeprom_update_r18
 .text.avr-libc
                0x00006a60        0xc C:/Program Files (x86)/Atmel/Studio/7.0/Packs/atmel/XMEGAA_DFP/1.1.68/gcc/dev/atxmega64a1u/avrxmega5\libatxmega64a1u.a(eeupd_word.o)
                0x00006a60                eeprom_update_word
 .text.avr-libc
                0x00006a6c       0x46 C:/Program Files (x86)/Atmel/Studio/7.0/Packs/atmel/XMEGAA_DFP/1.1.68/gcc/dev/atxmega64a1u/avrxmega5\libatxmega64a1u.a(eewr_byte.o)
                0x00006a6c                eeprom_write_byte
                0x00006a6e                eeprom_write_r18
 .text.avr-libc
                0x00006ab2       0x12 c:/program files (x86)/atmel/studio/7.0/toolchain/avr8/avr8-gnu-toolchain/bin/../lib/gcc/avr/5.4.0/../../../../avr/lib/avrxmega5\libc.a(memcpy.o)
                0x00006ab2                memcpy
                0x00006ac4                . = ALIGN (0x2)
 *(.fini9)
 .fini9         0x00006ac4        0x0 c:/program files (x86)/atmel/studio/7.0/toolchain/avr8/avr8-gnu-toolchain/bin/../lib/gcc/avr/5.4.0/avrxmega5\libgcc.a(_exit.o)
                0x00006ac4                _exit
                0x00006ac4                exit
 *(.fini9)
 *(.fini8)
 *(.fini8)
 *(.fini7)
 *(.fini7)
 *(.fini6)
 *(.fini6)
 *(.fini5)
 *(.fini5)
 *(.fini4)
 *(.fini4)
 *(.fini3)
 *(.fini3)
 *(.fini2)
 *(.fini2)
 *(.fini1)
 *(.fini1)
 *(.fini0)
 .fini0         0x00006ac4        0x4 c:/program files (x86)/atmel/studio/7.0/toolchain/avr8/avr8-gnu-toolchain/bin/../lib/gcc/avr/5.4.0/avrxmega5\libgcc.a(_exit.o)
 *(.fini0)
                0x00006ac8                _etext = .

.data           0x00802000       0x24 load address 0x00006ac8
                0x00802000                PROVIDE (__data_start, .)
 *(.data)
 *(.data*)
 *(.gnu.linkonce.d*)
 *(.rodata)
 *(.rodata*)
 .rodata.str1.1
                0x00802000       0x15 event_logging.o
 .rodata.str1.1
                0x00802015        0xf RB_settings.o
 *(.gnu.linkonce.r*)
                0x00802024                . = ALIGN (0x2)
                0x00802024                _edata = .
                0x00802024                PROVIDE (__data_end, .)

.bss            0x00802024      0x9e0
                0x00802024                PROVIDE (__bss_start, .)
 *(.bss)
 *(.bss*)
 *(COMMON)
 COMMON         0x00802024      0x584 adc.o
                0x00802024                A2_serial_num
                0x00802033                test16_4
                0x00802035                EXTRF_cnt
                0x00802036                water_pump_dc
                0x00802037                response
                0x00802038                test16_5
                0x0080203a                temp_counter
                0x0080203c                max_presweep_session_current
                0x0080203d                water_pump_hours
                0x0080203f                brush_head_timer
                0x00802040                status_reg_value
                0x00802042                d_pump_state
                0x00802043                max_vacuum_session_current
                0x00802044                switch_motor_reverse
                0x00802045                reverse
                0x00802046                second_alarm_count
                0x00802047                WDRF_cnt
                0x00802048                alarm_timer_count
                0x00802049                max_vacuum_overall_current
                0x0080204b                accelerator_changed
                0x0080204c                battery_total
                0x0080204e                detergent_pump_dc
                0x0080204f                top_debounce_timer
                0x00802050                reset_timer
                0x00802051                batt_vol
                0x00802061                speed_settings
                0x00802066                SDRF_cnt
                0x00802067                runtimer_on
                0x00802068                current_checksum1
                0x00802069                max_brush1_overall_current
                0x0080206b                presweep_current
                0x0080206f                front_log
                0x00802070                send_fault_flag
                0x00802071                A1_ack_received
                0x00802072                is_4_flag
                0x00802073                send_alarm_flag
                0x00802074                check_sd_card
                0x00802075                solenoid_valve
                0x00802076                brush_2_v_off
                0x0080207a                update_max_current
                0x0080207b                test8
                0x0080207c                fuse_debounce_count
                0x0080207d                current_checksum2
                0x0080207f                measure_current
                0x00802080                test16_1
                0x00802082                water_pump
                0x00802083                is_1_flag
                0x00802084                accelerator
                0x00802085                temp_pre_swp
                0x00802089                fault_timer
                0x0080208a                max_brush2_session_current
                0x0080208b                brush_sns_out_timer
                0x0080208c                test_value2
                0x0080208e                current_dir
                0x0080208f                brush2_average_current
                0x00802091                presweep_state
                0x00802092                BORF_cnt
                0x00802093                eco_mode
                0x00802094                max_brush1_session_current
                0x00802095                detergent_pump_minutes
                0x00802096                switch_motor_forward
                0x00802097                test16_3
                0x00802099                brush_1_v_off
                0x0080209d                testf
                0x008020a1                eco_hours
                0x008020a3                vacuum_minutes
                0x008020a4                is_reset
                0x008020a5                num_entries_pos
                0x008020a6                brush_hours
                0x008020a8                presweep_minutes
                0x008020a9                vacuum_v_off
                0x008020ad                water_pump_minutes
                0x008020ae                SRF_cnt
                0x008020af                transport
                0x008020b0                second_reading
                0x008020b1                event_counter
                0x008020b2                presweep_v_off
                0x008020b6                twiMaster
                0x0080213c                PDIRF_cnt
                0x0080213d                tank_full
                0x0080213e                print_menu
                0x0080213f                is_3_flag
                0x00802140                motor_current
                0x00802144                idle
                0x00802145                log_top_event
                0x00802146                presweep_dc
                0x00802147                Check_flag
                0x00802148                brush1_average_current
                0x0080214a                vacuum_current
                0x0080214e                beacon_lamp
                0x0080214f                w_pump_state
                0x00802150                headlights
                0x00802151                vacuum_slow_start
                0x00802153                vacuum_state
                0x00802154                event_buffer
                0x00802348                sd_card_passed
                0x00802349                brush_sns_out_timer_count
                0x0080234a                fr_speed
                0x0080234b                batt_index
                0x0080234c                detergent_pump
                0x0080234d                brush_head_position
                0x0080234e                PORF_cnt
                0x0080234f                current_position
                0x00802351                squeegee_timer
                0x00802352                alarm_count
                0x00802353                top_debounce_count
                0x00802354                send_brush_overcurrent_alarm
                0x00802355                transport_timer
                0x00802356                test16_2
                0x00802358                brush1_current
                0x0080235c                brush
                0x0080235d                update_current
                0x0080235e                extra_pressure_timer
                0x0080235f                test16
                0x00802361                seconds
                0x00802362                event_logging
                0x00802363                max_presweep_overall_current
                0x00802365                test_value1
                0x00802367                brush_slow_start
                0x00802369                check_max_current
                0x0080236a                alarm_timer
                0x0080236b                brush2_current
                0x0080236f                vacuum
                0x00802370                can_flag
                0x00802371                num_entries
                0x00802375                horn
                0x00802376                second_timer_tick
                0x00802377                is_2_flag
                0x00802378                presweep_hours
                0x0080237a                squeegee_down
                0x0080237b                size_log
                0x0080237c                send_fuse_flag
                0x0080237d                log_queue
                0x00802571                can_functioning
                0x00802572                test32
                0x00802576                brush_minutes
                0x00802577                new_auto_flag
                0x00802578                send_float_flag
                0x00802579                fault_timer_count
                0x0080257a                alarm_sent
                0x0080257b                brush_state
                0x0080257c                update_eeprom_statistics
                0x0080257d                vacuum_off_timer
                0x0080257e                presweep_average_current
                0x00802580                vacuum_hours
                0x00802582                rear_log
                0x00802583                presweep
                0x00802584                temp_vacuum
                0x00802588                extra_pressure
                0x00802589                minutes
                0x0080258a                detergent_pump_hours
                0x0080258c                eco_minutes
                0x0080258d                fuse_debounce_timer
                0x0080258e                detergent_pump_sl
                0x0080258f                water_pump_sl
                0x00802590                hours
                0x00802592                pre_swp_slow_start
                0x00802594                vacuum_average_current
                0x00802596                ep_down
                0x00802597                float_sensor_timer
                0x00802598                brush_sns_out_count
                0x0080259c                pedal_level
                0x0080259e                update_counter
                0x0080259f                temp_brush
                0x008025a3                emergency_off
                0x008025a4                max_brush2_overall_current
                0x008025a6                send_top_flag
                0x008025a7                A3_ack_received
 COMMON         0x008025a8      0x45c can_queue.o
                0x008025a8                CQTx_front
                0x008025a9                CQRx_front
                0x008025aa                CQRx_rear
                0x008025ab                CQTx_rear
                0x008025ac                CQTx_size
                0x008025ad                CQTx_data_queue
                0x0080261b                CQRx_size
                0x0080261c                CQRx_settings_queue
                0x008026e4                CQRx_data_queue
                0x00802a04                PROVIDE (__bss_end, .)
                0x00006ac8                __data_load_start = LOADADDR (.data)
                0x00006aec                __data_load_end = (__data_load_start + SIZEOF (.data))

.noinit         0x00802a04        0x0
                [!provide]                PROVIDE (__noinit_start, .)
 *(.noinit*)
                [!provide]                PROVIDE (__noinit_end, .)
                0x00802a04                _end = .
                [!provide]                PROVIDE (__heap_start, .)

.eeprom         0x00810000        0x0
 *(.eeprom*)
                0x00810000                __eeprom_end = .

.fuse
 *(.fuse)
 *(.lfuse)
 *(.hfuse)
 *(.efuse)

.lock
 *(.lock*)

.signature
 *(.signature*)

.user_signatures
 *(.user_signatures*)

.stab
 *(.stab)

.stabstr
 *(.stabstr)

.stab.excl
 *(.stab.excl)

.stab.exclstr
 *(.stab.exclstr)

.stab.index
 *(.stab.index)

.stab.indexstr
 *(.stab.indexstr)

.comment        0x00000000       0x5c
 *(.comment)
 .comment       0x00000000       0x30 adc.o
                                 0x31 (size before relaxing)
 .comment       0x00000030       0x31 alarm.o
 .comment       0x00000030       0x31 CAN.o
 .comment       0x00000030       0x31 can_queue.o
 .comment       0x00000030       0x31 event_logging.o
 .comment       0x00000030       0x31 event_log_queue.o
 .comment       0x00000030       0x31 intercommunication.o
 .comment       0x00000030       0x31 lcd_screen.o
 .comment       0x00000030       0x31 motor.o
 .comment       0x00000030       0x31 RB_800_A2.o
 .comment       0x00000030       0x31 RB_settings.o
 .comment       0x00000030       0x31 SD_card.o
 .comment       0x00000030       0x31 SPI.o
 .comment       0x00000030       0x31 timers.o
 .comment       0x00000030       0x31 twi_master_driver.o
 .comment       0x00000030       0x31 c:/program files (x86)/atmel/studio/7.0/toolchain/avr8/avr8-gnu-toolchain/bin/../lib/gcc/avr/5.4.0/../../../../avr/lib/avrxmega5\libc.a(sprintf.o)
 .comment       0x00000030       0x2c c:/program files (x86)/atmel/studio/7.0/toolchain/avr8/avr8-gnu-toolchain/bin/../lib/gcc/avr/5.4.0/../../../../avr/lib/avrxmega5\libc.a(vfprintf_std.o)
                                 0x2d (size before relaxing)
 .comment       0x0000005c       0x31 c:/program files (x86)/atmel/studio/7.0/toolchain/avr8/avr8-gnu-toolchain/bin/../lib/gcc/avr/5.4.0/../../../../avr/lib/avrxmega5\libc.a(fputc.o)

.note.gnu.avr.deviceinfo
                0x00000000       0x40
 .note.gnu.avr.deviceinfo
                0x00000000       0x40 C:/Program Files (x86)/Atmel/Studio/7.0/Packs/atmel/XMEGAA_DFP/1.1.68/gcc/dev/atxmega64a1u/avrxmega5/crtatxmega64a1u.o

.note.gnu.build-id
 *(.note.gnu.build-id)

.debug
 *(.debug)

.line
 *(.line)

.debug_srcinfo
 *(.debug_srcinfo)

.debug_sfnames
 *(.debug_sfnames)

.debug_aranges  0x00000000      0x648
 *(.debug_aranges)
 .debug_aranges
                0x00000000       0x40 adc.o
 .debug_aranges
                0x00000040       0x78 alarm.o
 .debug_aranges
                0x000000b8       0x60 CAN.o
 .debug_aranges
                0x00000118       0x50 can_queue.o
 .debug_aranges
                0x00000168       0x58 event_logging.o
 .debug_aranges
                0x000001c0       0x40 event_log_queue.o
 .debug_aranges
                0x00000200       0x78 intercommunication.o
 .debug_aranges
                0x00000278       0x68 lcd_screen.o
 .debug_aranges
                0x000002e0       0x90 motor.o
 .debug_aranges
                0x00000370       0x30 RB_800_A2.o
 .debug_aranges
                0x000003a0       0x40 RB_settings.o
 .debug_aranges
                0x000003e0       0x38 SD_card.o
 .debug_aranges
                0x00000418       0x40 SPI.o
 .debug_aranges
                0x00000458       0xa0 timers.o
 .debug_aranges
                0x000004f8       0x70 twi_master_driver.o
 .debug_aranges
                0x00000568       0x20 C:/Program Files (x86)/Atmel/Studio/7.0/Packs/atmel/XMEGAA_DFP/1.1.68/gcc/dev/atxmega64a1u/avrxmega5\libatxmega64a1u.a(eerd_block.o)
 .debug_aranges
                0x00000588       0x20 C:/Program Files (x86)/Atmel/Studio/7.0/Packs/atmel/XMEGAA_DFP/1.1.68/gcc/dev/atxmega64a1u/avrxmega5\libatxmega64a1u.a(eerd_byte.o)
 .debug_aranges
                0x000005a8       0x20 C:/Program Files (x86)/Atmel/Studio/7.0/Packs/atmel/XMEGAA_DFP/1.1.68/gcc/dev/atxmega64a1u/avrxmega5\libatxmega64a1u.a(eerd_word.o)
 .debug_aranges
                0x000005c8       0x20 C:/Program Files (x86)/Atmel/Studio/7.0/Packs/atmel/XMEGAA_DFP/1.1.68/gcc/dev/atxmega64a1u/avrxmega5\libatxmega64a1u.a(eeupd_block.o)
 .debug_aranges
                0x000005e8       0x20 C:/Program Files (x86)/Atmel/Studio/7.0/Packs/atmel/XMEGAA_DFP/1.1.68/gcc/dev/atxmega64a1u/avrxmega5\libatxmega64a1u.a(eeupd_byte.o)
 .debug_aranges
                0x00000608       0x20 C:/Program Files (x86)/Atmel/Studio/7.0/Packs/atmel/XMEGAA_DFP/1.1.68/gcc/dev/atxmega64a1u/avrxmega5\libatxmega64a1u.a(eeupd_word.o)
 .debug_aranges
                0x00000628       0x20 C:/Program Files (x86)/Atmel/Studio/7.0/Packs/atmel/XMEGAA_DFP/1.1.68/gcc/dev/atxmega64a1u/avrxmega5\libatxmega64a1u.a(eewr_byte.o)

.debug_pubnames
 *(.debug_pubnames)

.debug_info     0x00000000    0x19968
 *(.debug_info .gnu.linkonce.wi.*)
 .debug_info    0x00000000     0x3e5a C:/Program Files (x86)/Atmel/Studio/7.0/Packs/atmel/XMEGAA_DFP/1.1.68/gcc/dev/atxmega64a1u/avrxmega5/crtatxmega64a1u.o
 .debug_info    0x00003e5a     0x1495 adc.o
 .debug_info    0x000052ef     0x137d alarm.o
 .debug_info    0x0000666c     0x17b7 CAN.o
 .debug_info    0x00007e23     0x11a1 can_queue.o
 .debug_info    0x00008fc4     0x17bf event_logging.o
 .debug_info    0x0000a783     0x1028 event_log_queue.o
 .debug_info    0x0000b7ab     0x1d74 intercommunication.o
 .debug_info    0x0000d51f     0x1528 lcd_screen.o
 .debug_info    0x0000ea47     0x21fc motor.o
 .debug_info    0x00010c43     0x2196 RB_800_A2.o
 .debug_info    0x00012dd9     0x141c RB_settings.o
 .debug_info    0x000141f5     0x180d SD_card.o
 .debug_info    0x00015a02     0x1103 SPI.o
 .debug_info    0x00016b05     0x205d timers.o
 .debug_info    0x00018b62      0x91c twi_master_driver.o
 .debug_info    0x0001947e       0xb4 C:/Program Files (x86)/Atmel/Studio/7.0/Packs/atmel/XMEGAA_DFP/1.1.68/gcc/dev/atxmega64a1u/avrxmega5\libatxmega64a1u.a(eerd_block.o)
 .debug_info    0x00019532       0xb3 C:/Program Files (x86)/Atmel/Studio/7.0/Packs/atmel/XMEGAA_DFP/1.1.68/gcc/dev/atxmega64a1u/avrxmega5\libatxmega64a1u.a(eerd_byte.o)
 .debug_info    0x000195e5       0xb3 C:/Program Files (x86)/Atmel/Studio/7.0/Packs/atmel/XMEGAA_DFP/1.1.68/gcc/dev/atxmega64a1u/avrxmega5\libatxmega64a1u.a(eerd_word.o)
 .debug_info    0x00019698       0xb5 C:/Program Files (x86)/Atmel/Studio/7.0/Packs/atmel/XMEGAA_DFP/1.1.68/gcc/dev/atxmega64a1u/avrxmega5\libatxmega64a1u.a(eeupd_block.o)
 .debug_info    0x0001974d       0xb4 C:/Program Files (x86)/Atmel/Studio/7.0/Packs/atmel/XMEGAA_DFP/1.1.68/gcc/dev/atxmega64a1u/avrxmega5\libatxmega64a1u.a(eeupd_byte.o)
 .debug_info    0x00019801       0xb4 C:/Program Files (x86)/Atmel/Studio/7.0/Packs/atmel/XMEGAA_DFP/1.1.68/gcc/dev/atxmega64a1u/avrxmega5\libatxmega64a1u.a(eeupd_word.o)
 .debug_info    0x000198b5       0xb3 C:/Program Files (x86)/Atmel/Studio/7.0/Packs/atmel/XMEGAA_DFP/1.1.68/gcc/dev/atxmega64a1u/avrxmega5\libatxmega64a1u.a(eewr_byte.o)

.debug_abbrev   0x00000000     0x5bd0
 *(.debug_abbrev)
 .debug_abbrev  0x00000000     0x3b0e C:/Program Files (x86)/Atmel/Studio/7.0/Packs/atmel/XMEGAA_DFP/1.1.68/gcc/dev/atxmega64a1u/avrxmega5/crtatxmega64a1u.o
 .debug_abbrev  0x00003b0e      0x2b1 adc.o
 .debug_abbrev  0x00003dbf      0x1eb alarm.o
 .debug_abbrev  0x00003faa      0x238 CAN.o
 .debug_abbrev  0x000041e2      0x17f can_queue.o
 .debug_abbrev  0x00004361      0x2e4 event_logging.o
 .debug_abbrev  0x00004645      0x16a event_log_queue.o
 .debug_abbrev  0x000047af      0x25f intercommunication.o
 .debug_abbrev  0x00004a0e      0x1b4 lcd_screen.o
 .debug_abbrev  0x00004bc2      0x2de motor.o
 .debug_abbrev  0x00004ea0      0x245 RB_800_A2.o
 .debug_abbrev  0x000050e5      0x14d RB_settings.o
 .debug_abbrev  0x00005232      0x257 SD_card.o
 .debug_abbrev  0x00005489      0x1c4 SPI.o
 .debug_abbrev  0x0000564d      0x1fb timers.o
 .debug_abbrev  0x00005848      0x2fc twi_master_driver.o
 .debug_abbrev  0x00005b44       0x14 C:/Program Files (x86)/Atmel/Studio/7.0/Packs/atmel/XMEGAA_DFP/1.1.68/gcc/dev/atxmega64a1u/avrxmega5\libatxmega64a1u.a(eerd_block.o)
 .debug_abbrev  0x00005b58       0x14 C:/Program Files (x86)/Atmel/Studio/7.0/Packs/atmel/XMEGAA_DFP/1.1.68/gcc/dev/atxmega64a1u/avrxmega5\libatxmega64a1u.a(eerd_byte.o)
 .debug_abbrev  0x00005b6c       0x14 C:/Program Files (x86)/Atmel/Studio/7.0/Packs/atmel/XMEGAA_DFP/1.1.68/gcc/dev/atxmega64a1u/avrxmega5\libatxmega64a1u.a(eerd_word.o)
 .debug_abbrev  0x00005b80       0x14 C:/Program Files (x86)/Atmel/Studio/7.0/Packs/atmel/XMEGAA_DFP/1.1.68/gcc/dev/atxmega64a1u/avrxmega5\libatxmega64a1u.a(eeupd_block.o)
 .debug_abbrev  0x00005b94       0x14 C:/Program Files (x86)/Atmel/Studio/7.0/Packs/atmel/XMEGAA_DFP/1.1.68/gcc/dev/atxmega64a1u/avrxmega5\libatxmega64a1u.a(eeupd_byte.o)
 .debug_abbrev  0x00005ba8       0x14 C:/Program Files (x86)/Atmel/Studio/7.0/Packs/atmel/XMEGAA_DFP/1.1.68/gcc/dev/atxmega64a1u/avrxmega5\libatxmega64a1u.a(eeupd_word.o)
 .debug_abbrev  0x00005bbc       0x14 C:/Program Files (x86)/Atmel/Studio/7.0/Packs/atmel/XMEGAA_DFP/1.1.68/gcc/dev/atxmega64a1u/avrxmega5\libatxmega64a1u.a(eewr_byte.o)

.debug_line     0x00000000     0x6831
 *(.debug_line .debug_line.* .debug_line_end)
 .debug_line    0x00000000      0x3a9 C:/Program Files (x86)/Atmel/Studio/7.0/Packs/atmel/XMEGAA_DFP/1.1.68/gcc/dev/atxmega64a1u/avrxmega5/crtatxmega64a1u.o
 .debug_line    0x000003a9      0x7d8 adc.o
 .debug_line    0x00000b81      0x545 alarm.o
 .debug_line    0x000010c6      0x5c8 CAN.o
 .debug_line    0x0000168e      0x358 can_queue.o
 .debug_line    0x000019e6      0x7e4 event_logging.o
 .debug_line    0x000021ca      0x2cd event_log_queue.o
 .debug_line    0x00002497      0xc4c intercommunication.o
 .debug_line    0x000030e3      0x463 lcd_screen.o
 .debug_line    0x00003546      0x9ed motor.o
 .debug_line    0x00003f33      0x9dc RB_800_A2.o
 .debug_line    0x0000490f      0x532 RB_settings.o
 .debug_line    0x00004e41      0x746 SD_card.o
 .debug_line    0x00005587      0x2a7 SPI.o
 .debug_line    0x0000582e      0x789 timers.o
 .debug_line    0x00005fb7      0x441 twi_master_driver.o
 .debug_line    0x000063f8       0x8d C:/Program Files (x86)/Atmel/Studio/7.0/Packs/atmel/XMEGAA_DFP/1.1.68/gcc/dev/atxmega64a1u/avrxmega5\libatxmega64a1u.a(eerd_block.o)
 .debug_line    0x00006485       0xa9 C:/Program Files (x86)/Atmel/Studio/7.0/Packs/atmel/XMEGAA_DFP/1.1.68/gcc/dev/atxmega64a1u/avrxmega5\libatxmega64a1u.a(eerd_byte.o)
 .debug_line    0x0000652e       0x61 C:/Program Files (x86)/Atmel/Studio/7.0/Packs/atmel/XMEGAA_DFP/1.1.68/gcc/dev/atxmega64a1u/avrxmega5\libatxmega64a1u.a(eerd_word.o)
 .debug_line    0x0000658f       0xa5 C:/Program Files (x86)/Atmel/Studio/7.0/Packs/atmel/XMEGAA_DFP/1.1.68/gcc/dev/atxmega64a1u/avrxmega5\libatxmega64a1u.a(eeupd_block.o)
 .debug_line    0x00006634       0x80 C:/Program Files (x86)/Atmel/Studio/7.0/Packs/atmel/XMEGAA_DFP/1.1.68/gcc/dev/atxmega64a1u/avrxmega5\libatxmega64a1u.a(eeupd_byte.o)
 .debug_line    0x000066b4       0x62 C:/Program Files (x86)/Atmel/Studio/7.0/Packs/atmel/XMEGAA_DFP/1.1.68/gcc/dev/atxmega64a1u/avrxmega5\libatxmega64a1u.a(eeupd_word.o)
 .debug_line    0x00006716      0x11b C:/Program Files (x86)/Atmel/Studio/7.0/Packs/atmel/XMEGAA_DFP/1.1.68/gcc/dev/atxmega64a1u/avrxmega5\libatxmega64a1u.a(eewr_byte.o)

.debug_frame    0x00000000     0x1338
 *(.debug_frame)
 .debug_frame   0x00000000      0x104 adc.o
 .debug_frame   0x00000104      0x1fc alarm.o
 .debug_frame   0x00000300      0x208 CAN.o
 .debug_frame   0x00000508       0xa0 can_queue.o
 .debug_frame   0x000005a8       0xf0 event_logging.o
 .debug_frame   0x00000698       0x80 event_log_queue.o
 .debug_frame   0x00000718      0x19c intercommunication.o
 .debug_frame   0x000008b4      0x188 lcd_screen.o
 .debug_frame   0x00000a3c      0x230 motor.o
 .debug_frame   0x00000c6c       0xa8 RB_800_A2.o
 .debug_frame   0x00000d14       0x74 RB_settings.o
 .debug_frame   0x00000d88       0x90 SD_card.o
 .debug_frame   0x00000e18       0x98 SPI.o
 .debug_frame   0x00000eb0      0x38c timers.o
 .debug_frame   0x0000123c       0xfc twi_master_driver.o

.debug_str      0x00000000     0x49d7
 *(.debug_str)
 .debug_str     0x00000000     0x2969 C:/Program Files (x86)/Atmel/Studio/7.0/Packs/atmel/XMEGAA_DFP/1.1.68/gcc/dev/atxmega64a1u/avrxmega5/crtatxmega64a1u.o
 .debug_str     0x00002969      0xc68 adc.o
                                0xd96 (size before relaxing)
 .debug_str     0x000035d1      0x10d alarm.o
                                0xdb2 (size before relaxing)
 .debug_str     0x000036de      0x161 CAN.o
                                0xe13 (size before relaxing)
 .debug_str     0x0000383f       0xed can_queue.o
                                0xd7e (size before relaxing)
 .debug_str     0x0000392c      0x15d event_logging.o
                                0xe38 (size before relaxing)
 .debug_str     0x00003a89       0xa0 event_log_queue.o
                                0xcf9 (size before relaxing)
 .debug_str     0x00003b29      0x1de intercommunication.o
                                0xf51 (size before relaxing)
 .debug_str     0x00003d07       0xf1 lcd_screen.o
                                0xd55 (size before relaxing)
 .debug_str     0x00003df8      0x3d8 motor.o
                               0x1161 (size before relaxing)
 .debug_str     0x000041d0      0x338 RB_800_A2.o
                               0x14dc (size before relaxing)
 .debug_str     0x00004508       0x25 RB_settings.o
                                0xd1d (size before relaxing)
 .debug_str     0x0000452d       0x2a SD_card.o
                                0xddd (size before relaxing)
 .debug_str     0x00004557       0x1c SPI.o
                                0xcfe (size before relaxing)
 .debug_str     0x00004573      0x149 timers.o
                               0x1254 (size before relaxing)
 .debug_str     0x000046bc      0x31b twi_master_driver.o
                                0x6bf (size before relaxing)

.debug_loc      0x00000000     0x5777
 *(.debug_loc)
 .debug_loc     0x00000000      0xa2b adc.o
 .debug_loc     0x00000a2b      0x53f alarm.o
 .debug_loc     0x00000f6a      0x8c7 CAN.o
 .debug_loc     0x00001831      0x1c7 can_queue.o
 .debug_loc     0x000019f8      0x966 event_logging.o
 .debug_loc     0x0000235e      0x169 event_log_queue.o
 .debug_loc     0x000024c7      0x8ac intercommunication.o
 .debug_loc     0x00002d73      0x726 lcd_screen.o
 .debug_loc     0x00003499      0xa84 motor.o
 .debug_loc     0x00003f1d      0x268 RB_800_A2.o
 .debug_loc     0x00004185       0x47 RB_settings.o
 .debug_loc     0x000041cc      0x5c2 SD_card.o
 .debug_loc     0x0000478e      0x232 SPI.o
 .debug_loc     0x000049c0      0x756 timers.o
 .debug_loc     0x00005116      0x661 twi_master_driver.o

.debug_macinfo
 *(.debug_macinfo)

.debug_weaknames
 *(.debug_weaknames)

.debug_funcnames
 *(.debug_funcnames)

.debug_typenames
 *(.debug_typenames)

.debug_varnames
 *(.debug_varnames)

.debug_pubtypes
 *(.debug_pubtypes)

.debug_ranges   0x00000000      0x5c0
 *(.debug_ranges)
 .debug_ranges  0x00000000      0x148 adc.o
 .debug_ranges  0x00000148       0x68 alarm.o
 .debug_ranges  0x000001b0       0x50 CAN.o
 .debug_ranges  0x00000200       0x40 can_queue.o
 .debug_ranges  0x00000240       0x48 event_logging.o
 .debug_ranges  0x00000288       0x30 event_log_queue.o
 .debug_ranges  0x000002b8       0x68 intercommunication.o
 .debug_ranges  0x00000320       0x88 lcd_screen.o
 .debug_ranges  0x000003a8       0x80 motor.o
 .debug_ranges  0x00000428       0x20 RB_800_A2.o
 .debug_ranges  0x00000448       0x30 RB_settings.o
 .debug_ranges  0x00000478       0x28 SD_card.o
 .debug_ranges  0x000004a0       0x30 SPI.o
 .debug_ranges  0x000004d0       0x90 timers.o
 .debug_ranges  0x00000560       0x60 twi_master_driver.o

.debug_macro
 *(.debug_macro)
OUTPUT(A2_RB_800_M.elf elf32-avr)
LOAD linker stubs
