Archive member included to satisfy reference by file (symbol)

c:/program files (x86)/atmel/studio/7.0/toolchain/avr8/avr8-gnu-toolchain/bin/../lib/gcc/avr/5.4.0/../../../../avr/lib/avrxmega5\libm.a(addsf3.o)
                              battery.o (__subsf3)
c:/program files (x86)/atmel/studio/7.0/toolchain/avr8/avr8-gnu-toolchain/bin/../lib/gcc/avr/5.4.0/../../../../avr/lib/avrxmega5\libm.a(addsf3x.o)
                              c:/program files (x86)/atmel/studio/7.0/toolchain/avr8/avr8-gnu-toolchain/bin/../lib/gcc/avr/5.4.0/../../../../avr/lib/avrxmega5\libm.a(addsf3.o) (__addsf3x)
c:/program files (x86)/atmel/studio/7.0/toolchain/avr8/avr8-gnu-toolchain/bin/../lib/gcc/avr/5.4.0/../../../../avr/lib/avrxmega5\libm.a(cmpsf2.o)
                              battery.o (__lesf2)
c:/program files (x86)/atmel/studio/7.0/toolchain/avr8/avr8-gnu-toolchain/bin/../lib/gcc/avr/5.4.0/../../../../avr/lib/avrxmega5\libm.a(divsf3.o)
                              battery.o (__divsf3)
c:/program files (x86)/atmel/studio/7.0/toolchain/avr8/avr8-gnu-toolchain/bin/../lib/gcc/avr/5.4.0/../../../../avr/lib/avrxmega5\libm.a(divsf3x.o)
                              c:/program files (x86)/atmel/studio/7.0/toolchain/avr8/avr8-gnu-toolchain/bin/../lib/gcc/avr/5.4.0/../../../../avr/lib/avrxmega5\libm.a(divsf3.o) (__divsf3x)
c:/program files (x86)/atmel/studio/7.0/toolchain/avr8/avr8-gnu-toolchain/bin/../lib/gcc/avr/5.4.0/../../../../avr/lib/avrxmega5\libm.a(fixunssfsi.o)
                              battery.o (__fixunssfsi)
c:/program files (x86)/atmel/studio/7.0/toolchain/avr8/avr8-gnu-toolchain/bin/../lib/gcc/avr/5.4.0/../../../../avr/lib/avrxmega5\libm.a(floatsisf.o)
                              battery.o (__floatunsisf)
c:/program files (x86)/atmel/studio/7.0/toolchain/avr8/avr8-gnu-toolchain/bin/../lib/gcc/avr/5.4.0/../../../../avr/lib/avrxmega5\libm.a(fp_cmp.o)
                              c:/program files (x86)/atmel/studio/7.0/toolchain/avr8/avr8-gnu-toolchain/bin/../lib/gcc/avr/5.4.0/../../../../avr/lib/avrxmega5\libm.a(cmpsf2.o) (__fp_cmp)
c:/program files (x86)/atmel/studio/7.0/toolchain/avr8/avr8-gnu-toolchain/bin/../lib/gcc/avr/5.4.0/../../../../avr/lib/avrxmega5\libm.a(fp_inf.o)
                              c:/program files (x86)/atmel/studio/7.0/toolchain/avr8/avr8-gnu-toolchain/bin/../lib/gcc/avr/5.4.0/../../../../avr/lib/avrxmega5\libm.a(addsf3x.o) (__fp_inf)
c:/program files (x86)/atmel/studio/7.0/toolchain/avr8/avr8-gnu-toolchain/bin/../lib/gcc/avr/5.4.0/../../../../avr/lib/avrxmega5\libm.a(fp_nan.o)
                              c:/program files (x86)/atmel/studio/7.0/toolchain/avr8/avr8-gnu-toolchain/bin/../lib/gcc/avr/5.4.0/../../../../avr/lib/avrxmega5\libm.a(addsf3x.o) (__fp_nan)
c:/program files (x86)/atmel/studio/7.0/toolchain/avr8/avr8-gnu-toolchain/bin/../lib/gcc/avr/5.4.0/../../../../avr/lib/avrxmega5\libm.a(fp_pscA.o)
                              c:/program files (x86)/atmel/studio/7.0/toolchain/avr8/avr8-gnu-toolchain/bin/../lib/gcc/avr/5.4.0/../../../../avr/lib/avrxmega5\libm.a(addsf3x.o) (__fp_pscA)
c:/program files (x86)/atmel/studio/7.0/toolchain/avr8/avr8-gnu-toolchain/bin/../lib/gcc/avr/5.4.0/../../../../avr/lib/avrxmega5\libm.a(fp_pscB.o)
                              c:/program files (x86)/atmel/studio/7.0/toolchain/avr8/avr8-gnu-toolchain/bin/../lib/gcc/avr/5.4.0/../../../../avr/lib/avrxmega5\libm.a(addsf3x.o) (__fp_pscB)
c:/program files (x86)/atmel/studio/7.0/toolchain/avr8/avr8-gnu-toolchain/bin/../lib/gcc/avr/5.4.0/../../../../avr/lib/avrxmega5\libm.a(fp_round.o)
                              c:/program files (x86)/atmel/studio/7.0/toolchain/avr8/avr8-gnu-toolchain/bin/../lib/gcc/avr/5.4.0/../../../../avr/lib/avrxmega5\libm.a(addsf3.o) (__fp_round)
c:/program files (x86)/atmel/studio/7.0/toolchain/avr8/avr8-gnu-toolchain/bin/../lib/gcc/avr/5.4.0/../../../../avr/lib/avrxmega5\libm.a(fp_split3.o)
                              c:/program files (x86)/atmel/studio/7.0/toolchain/avr8/avr8-gnu-toolchain/bin/../lib/gcc/avr/5.4.0/../../../../avr/lib/avrxmega5\libm.a(addsf3x.o) (__fp_split3)
c:/program files (x86)/atmel/studio/7.0/toolchain/avr8/avr8-gnu-toolchain/bin/../lib/gcc/avr/5.4.0/../../../../avr/lib/avrxmega5\libm.a(fp_zero.o)
                              c:/program files (x86)/atmel/studio/7.0/toolchain/avr8/avr8-gnu-toolchain/bin/../lib/gcc/avr/5.4.0/../../../../avr/lib/avrxmega5\libm.a(addsf3x.o) (__fp_zero)
c:/program files (x86)/atmel/studio/7.0/toolchain/avr8/avr8-gnu-toolchain/bin/../lib/gcc/avr/5.4.0/../../../../avr/lib/avrxmega5\libm.a(gesf2.o)
                              battery.o (__gesf2)
c:/program files (x86)/atmel/studio/7.0/toolchain/avr8/avr8-gnu-toolchain/bin/../lib/gcc/avr/5.4.0/../../../../avr/lib/avrxmega5\libm.a(mulsf3.o)
                              battery.o (__mulsf3)
c:/program files (x86)/atmel/studio/7.0/toolchain/avr8/avr8-gnu-toolchain/bin/../lib/gcc/avr/5.4.0/../../../../avr/lib/avrxmega5\libm.a(mulsf3x.o)
[...]
Memory Configuration

Name             Origin             Length             Attributes
text             0x00000000         0x00100000         xr
data             0x00802000         0x0000ffa0         rw !x
eeprom           0x00810000         0x00010000         rw !x
fuse             0x00820000         0x00000006         rw !x
lock             0x00830000         0x00000400         rw !x
signature        0x00840000         0x00000400         rw !x
user_signatures  0x00850000         0x00000400         rw !x
*default*        0x00000000         0xffffffff

Linker script and memory map

LOAD C:/Program Files (x86)/Atmel/Studio/7.0/Packs/atmel/XMEGAA_DFP/1.1.68/gcc/dev/atxmega64a1u/avrxmega5/crtatxmega64a1u.o
LOAD battery.o
LOAD CAN.o
LOAD can_queue.o
LOAD event_logging.o
LOAD intercommunication.o
LOAD keypad.o
LOAD keypad_settings.o
LOAD lcd_screen.o
LOAD RB_800_A1.o
LOAD RB_settings.o
LOAD settings_menu.o
LOAD SPI.o
LOAD test_mode.o
LOAD timers.o
LOAD twi_master_driver.o
LOAD user_menu.o
START GROUP
LOAD c:/program files (x86)/atmel/studio/7.0/toolchain/avr8/avr8-gnu-toolchain/bin/../lib/gcc/avr/5.4.0/../../../../avr/lib/avrxmega5\libm.a
END GROUP
START GROUP
LOAD c:/program files (x86)/atmel/studio/7.0/toolchain/avr8/avr8-gnu-toolchain/bin/../lib/gcc/avr/5.4.0/avrxmega5\libgcc.a
LOAD c:/program files (x86)/atmel/studio/7.0/toolchain/avr8/avr8-gnu-toolchain/bin/../lib/gcc/avr/5.4.0/../../../../avr/lib/avrxmega5\libm.a
LOAD c:/program files (x86)/atmel/studio/7.0/toolchain/avr8/avr8-gnu-toolchain/bin/../lib/gcc/avr/5.4.0/../../../../avr/lib/avrxmega5\libc.a
LOAD C:/Program Files (x86)/Atmel/Studio/7.0/Packs/atmel/XMEGAA_DFP/1.1.68/gcc/dev/atxmega64a1u/avrxmega5\libatxmega64a1u.a
END GROUP
                0x00000000                __TEXT_REGION_ORIGIN__ = DEFINED (__TEXT_REGION_ORIGIN__)?__TEXT_REGION_ORIGIN__:0x0
                0x00802000                __DATA_REGION_ORIGIN__ = DEFINED (__DATA_REGION_ORIGIN__)?__DATA_REGION_ORIGIN__:0x802000
                0x00100000                __TEXT_REGION_LENGTH__ = DEFINED (__TEXT_REGION_LENGTH__)?__TEXT_REGION_LENGTH__:0x100000
                0x0000ffa0                __DATA_REGION_LENGTH__ = DEFINED (__DATA_REGION_LENGTH__)?__DATA_REGION_LENGTH__:0xffa0
                0x00010000                __EEPROM_REGION_LENGTH__ = DEFINED (__EEPROM_REGION_LENGTH__)?__EEPROM_REGION_LENGTH__:0x10000
                [0x00000006]                __FUSE_REGION_LENGTH__ = DEFINED (__FUSE_REGION_LENGTH__)?__FUSE_REGION_LENGTH__:0x400
                0x00000400                __LOCK_REGION_LENGTH__ = DEFINED (__LOCK_REGION_LENGTH__)?__LOCK_REGION_LENGTH__:0x400
                0x00000400                __SIGNATURE_REGION_LENGTH__ = DEFINED (__SIGNATURE_REGION_LENGTH__)?__SIGNATURE_REGION_LENGTH__:0x400
                0x00000400                __USER_SIGNATURE_REGION_LENGTH__ = DEFINED (__USER_SIGNATURE_REGION_LENGTH__)?__USER_SIGNATURE_REGION_LENGTH__:0x400

.hash
 *(.hash)

.dynsym
 *(.dynsym)

.dynstr
 *(.dynstr)

.gnu.version
 *(.gnu.version)

.gnu.version_d
 *(.gnu.version_d)

.gnu.version_r
 *(.gnu.version_r)

.rel.init
 *(.rel.init)

.rela.init
 *(.rela.init)

.rel.text
 *(.rel.text)
 *(.rel.text.*)
 *(.rel.gnu.linkonce.t*)

.rela.text
 *(.rela.text)
 *(.rela.text.*)
 *(.rela.gnu.linkonce.t*)

.rel.fini
 *(.rel.fini)

.rela.fini
 *(.rela.fini)

.rel.rodata
 *(.rel.rodata)
 *(.rel.rodata.*)
 *(.rel.gnu.linkonce.r*)

.rela.rodata
 *(.rela.rodata)
 *(.rela.rodata.*)
 *(.rela.gnu.linkonce.r*)

.rel.data
 *(.rel.data)
 *(.rel.data.*)
 *(.rel.gnu.linkonce.d*)

.rela.data
 *(.rela.data)
 *(.rela.data.*)
 *(.rela.gnu.linkonce.d*)

.rel.ctors
 *(.rel.ctors)

.rela.ctors
 *(.rela.ctors)

.rel.dtors
 *(.rel.dtors)

.rela.dtors
 *(.rela.dtors)

.rel.got
 *(.rel.got)

.rela.got
 *(.rela.got)

.rel.bss
 *(.rel.bss)

.rela.bss
 *(.rela.bss)

.rel.plt
 *(.rel.plt)

.rela.plt
 *(.rela.plt)

.text           0x00000000     0xde48
 *(.vectors)
 .vectors       0x00000000      0x1fc C:/Program Files (x86)/Atmel/Studio/7.0/Packs/atmel/XMEGAA_DFP/1.1.68/gcc/dev/atxmega64a1u/avrxmega5/crtatxmega64a1u.o
                0x00000000                __vector_default
                0x00000000                __vectors
 *(.vectors)
 *(.progmem.gcc*)
 .progmem.gcc_sw_table.processCAN
                0x000001fc      0x136 intercommunication.o
 .progmem.gcc_sw_table.switch_low
                0x00000332       0x1e keypad.o
 .progmem.gcc_sw_table.main
                0x00000350       0x1e RB_800_A1.o
 .progmem.gcc_sw_table.menu_next
                0x0000036e      0x1a4 settings_menu.o
 .progmem.gcc_sw_table.menu_back
                0x00000512      0x1a4 settings_menu.o
 .progmem.gcc_sw_table.menu_up
                0x000006b6      0x1a4 settings_menu.o
 .progmem.gcc_sw_table.menu_down
                0x0000085a      0x1a4 settings_menu.o
 .progmem.gcc_sw_table.start_s_menu
                0x000009fe       0x1c settings_menu.o
 .progmem.gcc_sw_table.user_menu_next
                0x00000a1a      0x156 user_menu.o
 .progmem.gcc_sw_table.user_menu_back
                0x00000b70      0x156 user_menu.o
 .progmem.gcc_sw_table.user_menu_up
                0x00000cc6      0x148 user_menu.o
 .progmem.gcc_sw_table.user_menu_down
                0x00000e0e      0x156 user_menu.o
                0x00000f64                . = ALIGN (0x2)
                0x00000f64                __trampolines_start = .
 *(.trampolines)
 .trampolines   0x00000f64        0x0 linker stubs
 *(.trampolines*)
                0x00000f64                __trampolines_end = .
 *libprintf_flt.a:*(.progmem.data)
 *libc.a:*(.progmem.data)
 *(.progmem*)
 .progmem.data.__c.5304
                0x00000f64        0xd battery.o
 .progmem.data.__c.5302
                0x00000f71       0x12 battery.o
 .progmem.data.__c.5313
                0x00000f83        0x9 can_queue.o
 .progmem.data.__c.5311
                0x00000f8c        0xb can_queue.o
 .progmem.data.__c.5384
                0x00000f97        0xc intercommunication.o
 .progmem.data.__c.5382
                0x00000fa3        0xe intercommunication.o
 .progmem.data.__c.5380
                0x00000fb1       0x15 intercommunication.o
 .progmem.data.__c.5378
                0x00000fc6        0xf intercommunication.o
 .progmem.data.__c.5376
                0x00000fd5       0x10 intercommunication.o
 .progmem.data.__c.5367
                0x00000fe5        0xd intercommunication.o
 .progmem.data.__c.5365
                0x00000ff2       0x13 intercommunication.o
 .progmem.data.__c.5363
                0x00001005       0x13 intercommunication.o
 .progmem.data.__c.5358
                0x00001018        0xd intercommunication.o
 .progmem.data.__c.5356
                0x00001025       0x12 intercommunication.o
 .progmem.data.__c.5354
                0x00001037        0xd intercommunication.o
 .progmem.data.__c.5352
                0x00001044       0x11 intercommunication.o
 .progmem.data.__c.5350
                0x00001055        0xc intercommunication.o
 .progmem.data.__c.5348
                0x00001061       0x11 intercommunication.o
 .progmem.data.__c.5346
                0x00001072        0xd intercommunication.o
 .progmem.data.__c.5344
                0x0000107f       0x11 intercommunication.o
 .progmem.data.__c.5342
                0x00001090        0x5 intercommunication.o
 .progmem.data.__c.5340
                0x00001095        0xe intercommunication.o
 .progmem.data.__c.5338
                0x000010a3        0xc intercommunication.o
 .progmem.data.__c.5336
                0x000010af        0xe intercommunication.o
 .progmem.data.__c.5334
                0x000010bd        0x9 intercommunication.o
 .progmem.data.__c.5332
                0x000010c6        0xa intercommunication.o
 .progmem.data.__c.5330
                0x000010d0        0x9 intercommunication.o
 .progmem.data.__c.5328
                0x000010d9        0xb intercommunication.o
 .progmem.data.__c.5326
                0x000010e4       0x15 intercommunication.o
 .progmem.data.__c.5324
                0x000010f9       0x15 intercommunication.o
 .progmem.data.__c.5321
                0x0000110e        0x9 intercommunication.o
 .progmem.data.__c.5319
                0x00001117       0x12 intercommunication.o
 .progmem.data.__c.5317
                0x00001129       0x12 intercommunication.o
 .progmem.data.__c.5315
                0x0000113b        0xe intercommunication.o
 .progmem.data.__c.5313
                0x00001149       0x12 intercommunication.o
 .progmem.data.__c.5311
                0x0000115b       0x14 intercommunication.o
 .progmem.data.__c.5309
                0x0000116f       0x12 intercommunication.o
 .progmem.data.__c.5307
                0x00001181        0xe intercommunication.o
 .progmem.data.__c.5305
                0x0000118f        0xc intercommunication.o
 .progmem.data.__c.5303
                0x0000119b        0xe intercommunication.o
 .progmem.data.__c.5300
                0x000011a9       0x13 intercommunication.o
 .progmem.data.__c.5298
                0x000011bc       0x15 intercommunication.o
 .progmem.data.__c.5612
                0x000011d1        0xd keypad_settings.o
 .progmem.data.__c.5610
                0x000011de        0xd keypad_settings.o
 .progmem.data.__c.5607
                0x000011eb        0xd keypad_settings.o
 .progmem.data.__c.5605
                0x000011f8        0xd keypad_settings.o
 .progmem.data.__c.5597
                0x00001205        0xd keypad_settings.o
 .progmem.data.__c.5595
                0x00001212        0xd keypad_settings.o
 .progmem.data.__c.5593
                0x0000121f        0xd keypad_settings.o
 .progmem.data.__c.5591
                0x0000122c        0xd keypad_settings.o
 .progmem.data.__c.5586
                0x00001239        0xd keypad_settings.o
 .progmem.data.__c.5584
                0x00001246        0xd keypad_settings.o
 .progmem.data.__c.5582
                0x00001253        0xd keypad_settings.o
 .progmem.data.__c.5580
                0x00001260        0xd keypad_settings.o
 .progmem.data.__c.5565
                0x0000126d        0xd keypad_settings.o
 .progmem.data.__c.5563
                0x0000127a        0xd keypad_settings.o
 .progmem.data.__c.5561
                0x00001287        0xd keypad_settings.o
 .progmem.data.__c.5559
                0x00001294        0xd keypad_settings.o
 .progmem.data.__c.5557
                0x000012a1        0xd keypad_settings.o
 .progmem.data.__c.5555
                0x000012ae        0xd keypad_settings.o
 .progmem.data.__c.5550
                0x000012bb        0xd keypad_settings.o
 .progmem.data.__c.5548
                0x000012c8        0xd keypad_settings.o
 .progmem.data.__c.5546
                0x000012d5        0xd keypad_settings.o
 .progmem.data.__c.5544
                0x000012e2        0xd keypad_settings.o
 .progmem.data.__c.5542
                0x000012ef        0xd keypad_settings.o
 .progmem.data.__c.5540
                0x000012fc        0xd keypad_settings.o
 .progmem.data.__c.5535
                0x00001309        0xd keypad_settings.o
 .progmem.data.__c.5533
                0x00001316        0xd keypad_settings.o
 .progmem.data.__c.5531
                0x00001323        0xd keypad_settings.o
 .progmem.data.__c.5529
                0x00001330        0xd keypad_settings.o
 .progmem.data.__c.5523
                0x0000133d        0xe keypad_settings.o
 .progmem.data.__c.5521
                0x0000134b        0xd keypad_settings.o
 .progmem.data.__c.5518
                0x00001358        0xd keypad_settings.o
 .progmem.data.__c.5516
                0x00001365        0xd keypad_settings.o
 .progmem.data.__c.5513
                0x00001372        0xd keypad_settings.o
 .progmem.data.__c.5511
                0x0000137f        0xd keypad_settings.o
 .progmem.data.__c.5508
                0x0000138c        0xd keypad_settings.o
 .progmem.data.__c.5506
                0x00001399        0xd keypad_settings.o
 .progmem.data.__c.5502
                0x000013a6        0xd keypad_settings.o
 .progmem.data.__c.5500
                0x000013b3        0xd keypad_settings.o
 .progmem.data.__c.5492
                0x000013c0        0xe keypad_settings.o
 .progmem.data.__c.5490
                0x000013ce        0xd keypad_settings.o
 .progmem.data.__c.5487
                0x000013db        0xe keypad_settings.o
 .progmem.data.__c.5485
                0x000013e9        0xd keypad_settings.o
 .progmem.data.__c.5482
                0x000013f6        0xd keypad_settings.o
 .progmem.data.__c.5480
                0x00001403        0xd keypad_settings.o
 .progmem.data.__c.5476
                0x00001410        0xd keypad_settings.o
 .progmem.data.__c.5474
                0x0000141d        0xd keypad_settings.o
 .progmem.data.__c.5471
                0x0000142a        0xd keypad_settings.o
 .progmem.data.__c.5469
                0x00001437        0xd keypad_settings.o
 .progmem.data.__c.5463
                0x00001444        0xe keypad_settings.o
 .progmem.data.__c.5461
                0x00001452        0xd keypad_settings.o
 .progmem.data.__c.5458
                0x0000145f        0xd keypad_settings.o
 .progmem.data.__c.5456
                0x0000146c        0xd keypad_settings.o
 .progmem.data.__c.5453
                0x00001479        0xd keypad_settings.o
 .progmem.data.__c.5451
                0x00001486        0xd keypad_settings.o
 .progmem.data.__c.5448
                0x00001493        0xd keypad_settings.o
 .progmem.data.__c.5446
                0x000014a0        0xd keypad_settings.o
 .progmem.data.__c.5442
                0x000014ad        0xd keypad_settings.o
 .progmem.data.__c.5440
                0x000014ba        0xd keypad_settings.o
 .progmem.data.__c.5432
                0x000014c7        0xe keypad_settings.o
 .progmem.data.__c.5430
                0x000014d5        0xd keypad_settings.o
 .progmem.data.__c.5427
                0x000014e2        0xe keypad_settings.o
 .progmem.data.__c.5425
                0x000014f0        0xd keypad_settings.o
 .progmem.data.__c.5422
                0x000014fd        0xd keypad_settings.o
 .progmem.data.__c.5420
                0x0000150a        0xd keypad_settings.o
 .progmem.data.__c.5416
                0x00001517        0xd keypad_settings.o
 .progmem.data.__c.5414
                0x00001524        0xd keypad_settings.o
 .progmem.data.__c.5411
                0x00001531        0xd keypad_settings.o
 .progmem.data.__c.5409
                0x0000153e        0xd keypad_settings.o
 .progmem.data.__c.5378
                0x0000154b        0xd keypad_settings.o
 .progmem.data.__c.5376
                0x00001558        0xd keypad_settings.o
 .progmem.data.__c.5374
                0x00001565        0xd keypad_settings.o
 .progmem.data.__c.5372
                0x00001572        0xd keypad_settings.o
 .progmem.data.__c.5370
                0x0000157f        0xd keypad_settings.o
 .progmem.data.__c.5368
                0x0000158c        0xd keypad_settings.o
 .progmem.data.__c.5343
                0x00001599        0xd keypad_settings.o
 .progmem.data.__c.5341
                0x000015a6        0xd keypad_settings.o
 .progmem.data.__c.5339
                0x000015b3        0xd keypad_settings.o
 .progmem.data.__c.5337
                0x000015c0        0xe keypad_settings.o
 .progmem.data.__c.5335
                0x000015ce        0xd keypad_settings.o
 .progmem.data.__c.5333
                0x000015db        0xd keypad_settings.o
 .progmem.data.__c.5328
                0x000015e8        0xd keypad_settings.o
 .progmem.data.__c.5326
                0x000015f5        0xf keypad_settings.o
 .progmem.data.__c.5324
                0x00001604        0xd keypad_settings.o
 .progmem.data.__c.5322
                0x00001611        0xd keypad_settings.o
 .progmem.data.__c.5303
                0x0000161e        0xd keypad_settings.o
 .progmem.data.__c.5393
                0x0000162b        0x5 lcd_screen.o
 .progmem.data.__c.5391
                0x00001630        0x5 lcd_screen.o
 .progmem.data.__c.5376
                0x00001635        0x5 lcd_screen.o
 .progmem.data.__c.5374
                0x0000163a        0x5 lcd_screen.o
 .progmem.data.__c.5372
                0x0000163f        0x5 lcd_screen.o
 .progmem.data.__c.5370
                0x00001644        0x5 lcd_screen.o
 .progmem.data.__c.5368
                0x00001649        0xd lcd_screen.o
 .progmem.data.__c.5366
                0x00001656        0xd lcd_screen.o
 .progmem.data.__c.5364
                0x00001663        0xd lcd_screen.o
 .progmem.data.__c.5362
                0x00001670        0xd lcd_screen.o
 .progmem.data.__c.5400
                0x0000167d       0x12 RB_800_A1.o
 .progmem.data.__c.5398
                0x0000168f       0x12 RB_800_A1.o
 .progmem.data.__c.5396
                0x000016a1       0x13 RB_800_A1.o
 .progmem.data.__c.5387
                0x000016b4        0xd RB_800_A1.o
 .progmem.data.__c.5385
                0x000016c1        0xd RB_800_A1.o
 .progmem.data.__c.5381
                0x000016ce        0xd RB_800_A1.o
 .progmem.data.__c.5379
                0x000016db        0xc RB_800_A1.o
 .progmem.data.__c.5377
                0x000016e7       0x11 RB_800_A1.o
 .progmem.data.__c.5375
                0x000016f8       0x12 RB_800_A1.o
 .progmem.data.__c.5373
                0x0000170a       0x15 RB_800_A1.o
 .progmem.data.__c.5371
                0x0000171f       0x12 RB_800_A1.o
 .progmem.data.__c.5369
                0x00001731        0xe RB_800_A1.o
 .progmem.data.__c.5367
                0x0000173f        0xd RB_800_A1.o
 .progmem.data.__c.5365
                0x0000174c       0x12 RB_800_A1.o
 .progmem.data.__c.5363
                0x0000175e        0xd RB_800_A1.o
 .progmem.data.__c.5361
                0x0000176b       0x11 RB_800_A1.o
 .progmem.data.__c.5359
                0x0000177c        0xd RB_800_A1.o
 .progmem.data.__c.5357
                0x00001789       0x11 RB_800_A1.o
 .progmem.data.__c.5355
                0x0000179a        0xd RB_800_A1.o
 .progmem.data.__c.5353
                0x000017a7       0x12 RB_800_A1.o
 .progmem.data.__c.5351
                0x000017b9        0xd RB_800_A1.o
 .progmem.data.__c.5349
                0x000017c6       0x13 RB_800_A1.o
 .progmem.data.__c.5347
                0x000017d9       0x13 RB_800_A1.o
 .progmem.data.__c.5342
                0x000017ec        0xd RB_800_A1.o
 .progmem.data.__c.5340
                0x000017f9        0xd RB_800_A1.o
 .progmem.data.__c.5316
                0x00001806        0x5 RB_800_A1.o
 .progmem.data.__c.5314
                0x0000180b        0xe RB_800_A1.o
 .progmem.data.__c.5311
                0x00001819        0xc RB_800_A1.o
 .progmem.data.__c.5309
                0x00001825        0xe RB_800_A1.o
 .progmem.data.__c.5307
                0x00001833        0xd RB_800_A1.o
 .progmem.data.__c.5305
                0x00001840       0x12 RB_800_A1.o
 .progmem.data.__c.5303
                0x00001852        0xd RB_800_A1.o
 .progmem.data.__c.5301
                0x0000185f       0x15 RB_800_A1.o
 .progmem.data.__c.5299
                0x00001874        0xd RB_800_A1.o
 .progmem.data.__c.5297
                0x00001881       0x15 RB_800_A1.o
 .progmem.data.__c.5295
                0x00001896        0xd RB_800_A1.o
 .progmem.data.__c.5293
                0x000018a3       0x12 RB_800_A1.o
 .progmem.data.__c.6340
                0x000018b5       0x14 settings_menu.o
 .progmem.data.__c.6338
                0x000018c9       0x14 settings_menu.o
 .progmem.data.__c.6332
                0x000018dd        0xd settings_menu.o
 .progmem.data.__c.6330
                0x000018ea        0xf settings_menu.o
 .progmem.data.__c.6328
                0x000018f9        0xd settings_menu.o
 .progmem.data.__c.6326
                0x00001906        0xf settings_menu.o
 .progmem.data.__c.6324
                0x00001915        0xd settings_menu.o
 .progmem.data.__c.6322
                0x00001922        0xc settings_menu.o
 .progmem.data.__c.6320
                0x0000192e       0x14 settings_menu.o
 .progmem.data.__c.6292
                0x00001942        0x9 settings_menu.o
 .progmem.data.__c.6289
                0x0000194b        0x9 settings_menu.o
 .progmem.data.__c.6286
                0x00001954        0x9 settings_menu.o
 .progmem.data.__c.6281
                0x0000195d       0x11 settings_menu.o
 .progmem.data.__c.6279
                0x0000196e       0x10 settings_menu.o
 .progmem.data.__c.6277
                0x0000197e        0x2 settings_menu.o
 .progmem.data.__c.6275
                0x00001980        0x2 settings_menu.o
 .progmem.data.__c.6273
                0x00001982        0x2 settings_menu.o
 .progmem.data.__c.6271
                0x00001984       0x10 settings_menu.o
 .progmem.data.__c.6268
                0x00001994        0x6 settings_menu.o
 .progmem.data.__c.6265
                0x0000199a       0x11 settings_menu.o
 .progmem.data.__c.6263
                0x000019ab       0x12 settings_menu.o
 .progmem.data.__c.6261
                0x000019bd       0x13 settings_menu.o
 .progmem.data.__c.6258
                0x000019d0        0xe settings_menu.o
 .progmem.data.__c.6254
                0x000019de       0x15 settings_menu.o
 .progmem.data.__c.6251
                0x000019f3       0x15 settings_menu.o
 .progmem.data.__c.6247
                0x00001a08       0x13 settings_menu.o
 .progmem.data.__c.6244
                0x00001a1b       0x13 settings_menu.o
 .progmem.data.__c.6240
                0x00001a2e       0x14 settings_menu.o
 .progmem.data.__c.6237
                0x00001a42       0x14 settings_menu.o
 .progmem.data.__c.6234
                0x00001a56       0x14 settings_menu.o
 .progmem.data.__c.6231
                0x00001a6a       0x14 settings_menu.o
 .progmem.data.__c.6227
                0x00001a7e        0xf settings_menu.o
 .progmem.data.__c.6224
                0x00001a8d        0xb settings_menu.o
 .progmem.data.__c.6222
                0x00001a98        0xf settings_menu.o
 .progmem.data.__c.6219
                0x00001aa7        0xb settings_menu.o
 .progmem.data.__c.6217
                0x00001ab2        0xb settings_menu.o
 .progmem.data.__c.6214
                0x00001abd       0x14 settings_menu.o
 .progmem.data.__c.6211
                0x00001ad1       0x12 settings_menu.o
 .progmem.data.__c.6208
                0x00001ae3       0x11 settings_menu.o
 .progmem.data.__c.6205
                0x00001af4        0xe settings_menu.o
 .progmem.data.__c.6203
                0x00001b02        0xe settings_menu.o
 .progmem.data.__c.6200
                0x00001b10        0xb settings_menu.o
 .progmem.data.__c.6192
                0x00001b1b       0x12 settings_menu.o
 .progmem.data.__c.6189
                0x00001b2d       0x12 settings_menu.o
 .progmem.data.__c.6186
                0x00001b3f       0x12 settings_menu.o
 .progmem.data.__c.6183
                0x00001b51        0x9 settings_menu.o
 .progmem.data.__c.6179
                0x00001b5a        0xd settings_menu.o
 .progmem.data.__c.6176
                0x00001b67        0xd settings_menu.o
 .progmem.data.__c.6173
                0x00001b74        0xf settings_menu.o
 .progmem.data.__c.6170
                0x00001b83        0x4 settings_menu.o
 .progmem.data.__c.6167
                0x00001b87        0x4 settings_menu.o
 .progmem.data.__c.6164
                0x00001b8b        0x4 settings_menu.o
 .progmem.data.__c.6149
                0x00001b8f       0x13 settings_menu.o
 .progmem.data.__c.6145
                0x00001ba2        0xf settings_menu.o
 .progmem.data.__c.6142
                0x00001bb1       0x14 settings_menu.o
 .progmem.data.__c.6140
                0x00001bc5        0xa settings_menu.o
 .progmem.data.__c.6138
                0x00001bcf        0xe settings_menu.o
 .progmem.data.__c.6132
                0x00001bdd        0xc settings_menu.o
 .progmem.data.__c.6130
                0x00001be9        0xe settings_menu.o
 .progmem.data.__c.6127
                0x00001bf7       0x10 settings_menu.o
 .progmem.data.__c.6124
                0x00001c07        0x9 settings_menu.o
 .progmem.data.__c.6122
                0x00001c10        0xe settings_menu.o
 .progmem.data.__c.6119
                0x00001c1e        0xe settings_menu.o
 .progmem.data.__c.6116
                0x00001c2c        0xc settings_menu.o
 .progmem.data.__c.6113
                0x00001c38        0xf settings_menu.o
 .progmem.data.__c.6109
                0x00001c47        0xb settings_menu.o
 .progmem.data.__c.6106
                0x00001c52        0xe settings_menu.o
 .progmem.data.__c.6103
                0x00001c60        0xe settings_menu.o
 .progmem.data.__c.6100
                0x00001c6e        0xc settings_menu.o
 .progmem.data.__c.6097
                0x00001c7a        0xd settings_menu.o
 .progmem.data.__c.6094
                0x00001c87        0xd settings_menu.o
 .progmem.data.__c.6090
                0x00001c94        0xf settings_menu.o
 .progmem.data.__c.6082
                0x00001ca3        0xe settings_menu.o
 .progmem.data.__c.6077
                0x00001cb1        0xe settings_menu.o
 .progmem.data.__c.6072
                0x00001cbf        0xe settings_menu.o
 .progmem.data.__c.6067
                0x00001ccd        0x9 settings_menu.o
 .progmem.data.__c.6064
                0x00001cd6        0x9 settings_menu.o
 .progmem.data.__c.6061
                0x00001cdf        0xc settings_menu.o
 .progmem.data.__c.6057
                0x00001ceb        0xe settings_menu.o
 .progmem.data.__c.6054
                0x00001cf9        0xe settings_menu.o
 .progmem.data.__c.6052
                0x00001d07        0xa settings_menu.o
 .progmem.data.__c.6050
                0x00001d11       0x10 settings_menu.o
 .progmem.data.__c.6047
                0x00001d21       0x11 settings_menu.o
 .progmem.data.__c.6044
                0x00001d32       0x11 settings_menu.o
 .progmem.data.__c.6042
                0x00001d43        0xa settings_menu.o
 .progmem.data.__c.6040
                0x00001d4d       0x10 settings_menu.o
 .progmem.data.__c.6037
                0x00001d5d        0xb settings_menu.o
 .progmem.data.__c.6034
                0x00001d68       0x15 settings_menu.o
 .progmem.data.__c.6031
                0x00001d7d        0xf settings_menu.o
 .progmem.data.__c.6027
                0x00001d8c       0x13 settings_menu.o
 .progmem.data.__c.6024
                0x00001d9f        0xd settings_menu.o
 .progmem.data.__c.6020
                0x00001dac       0x14 settings_menu.o
 .progmem.data.__c.6017
                0x00001dc0       0x14 settings_menu.o
 .progmem.data.__c.6014
                0x00001dd4       0x14 settings_menu.o
 .progmem.data.__c.6011
                0x00001de8        0xc settings_menu.o
 .progmem.data.__c.6007
                0x00001df4        0xb settings_menu.o
 .progmem.data.__c.6005
                0x00001dff        0xf settings_menu.o
 .progmem.data.__c.6002
                0x00001e0e        0xb settings_menu.o
 .progmem.data.__c.6000
                0x00001e19        0xb settings_menu.o
 .progmem.data.__c.5997
                0x00001e24       0x14 settings_menu.o
 .progmem.data.__c.5994
                0x00001e38       0x12 settings_menu.o
 .progmem.data.__c.5991
                0x00001e4a       0x11 settings_menu.o
 .progmem.data.__c.5987
                0x00001e5b        0x9 settings_menu.o
 .progmem.data.__c.5984
                0x00001e64        0xe settings_menu.o
 .progmem.data.__c.5982
                0x00001e72        0xe settings_menu.o
 .progmem.data.__c.5979
                0x00001e80        0xf settings_menu.o
 .progmem.data.__c.5972
                0x00001e8f       0x12 settings_menu.o
 .progmem.data.__c.5969
                0x00001ea1       0x12 settings_menu.o
 .progmem.data.__c.5966
                0x00001eb3       0x15 settings_menu.o
 .progmem.data.__c.5962
                0x00001ec8        0xd settings_menu.o
 .progmem.data.__c.5959
                0x00001ed5        0xd settings_menu.o
 .progmem.data.__c.5956
                0x00001ee2        0xe settings_menu.o
 .progmem.data.__c.5952
                0x00001ef0        0xf settings_menu.o
 .progmem.data.__c.5936
                0x00001eff        0xf settings_menu.o
 .progmem.data.__c.5932
                0x00001f0e       0x10 settings_menu.o
 .progmem.data.__c.5928
                0x00001f1e        0x9 settings_menu.o
 .progmem.data.__c.5926
                0x00001f27        0xe settings_menu.o
 .progmem.data.__c.5923
                0x00001f35       0x14 settings_menu.o
 .progmem.data.__c.5921
                0x00001f49        0xa settings_menu.o
 .progmem.data.__c.5919
                0x00001f53        0xe settings_menu.o
 .progmem.data.__c.5912
                0x00001f61        0xe settings_menu.o
 .progmem.data.__c.5909
                0x00001f6f        0xc settings_menu.o
 .progmem.data.__c.5906
                0x00001f7b        0xf settings_menu.o
 .progmem.data.__c.5903
                0x00001f8a        0xe settings_menu.o
 .progmem.data.__c.5900
                0x00001f98        0xe settings_menu.o
 .progmem.data.__c.5897
                0x00001fa6        0xb settings_menu.o
 .progmem.data.__c.5893
                0x00001fb1        0xc settings_menu.o
 .progmem.data.__c.5890
                0x00001fbd        0xd settings_menu.o
 .progmem.data.__c.5887
                0x00001fca        0xd settings_menu.o
 .progmem.data.__c.5881
                0x00001fd7        0xf settings_menu.o
 .progmem.data.__c.5874
                0x00001fe6        0x9 settings_menu.o
 .progmem.data.__c.5871
                0x00001fef        0x9 settings_menu.o
 .progmem.data.__c.5868
                0x00001ff8        0x9 settings_menu.o
 .progmem.data.__c.5865
                0x00002001        0x9 settings_menu.o
 .progmem.data.__c.5862
                0x0000200a        0x9 settings_menu.o
 .progmem.data.__c.5859
                0x00002013        0x9 settings_menu.o
 .progmem.data.__c.5856
                0x0000201c        0x9 settings_menu.o
 .progmem.data.__c.5853
                0x00002025        0x9 settings_menu.o
 .progmem.data.__c.5850
                0x0000202e        0x9 settings_menu.o
 .progmem.data.__c.5847
                0x00002037        0xc settings_menu.o
 .progmem.data.__c.5844
                0x00002043        0x6 settings_menu.o
 .progmem.data.__c.5841
                0x00002049        0x6 settings_menu.o
 .progmem.data.__c.5838
                0x0000204f        0x6 settings_menu.o
 .progmem.data.__c.5835
                0x00002055        0x6 settings_menu.o
 .progmem.data.__c.5831
                0x0000205b        0x9 settings_menu.o
 .progmem.data.__c.5827
                0x00002064       0x12 settings_menu.o
 .progmem.data.__c.5824
                0x00002076       0x12 settings_menu.o
 .progmem.data.__c.5821
                0x00002088       0x12 settings_menu.o
 .progmem.data.__c.5812
                0x0000209a       0x15 settings_menu.o
 .progmem.data.__c.5809
                0x000020af        0xf settings_menu.o
 .progmem.data.__c.5806
                0x000020be        0xf settings_menu.o
 .progmem.data.__c.5803
                0x000020cd        0xf settings_menu.o
 .progmem.data.__c.5800
                0x000020dc        0xf settings_menu.o
 .progmem.data.__c.5796
                0x000020eb        0xe settings_menu.o
 .progmem.data.__c.5794
                0x000020f9        0xa settings_menu.o
 .progmem.data.__c.5792
                0x00002103       0x10 settings_menu.o
 .progmem.data.__c.5788
                0x00002113       0x11 settings_menu.o
 .progmem.data.__c.5786
                0x00002124        0xa settings_menu.o
 .progmem.data.__c.5784
                0x0000212e       0x10 settings_menu.o
 .progmem.data.__c.5780
                0x0000213e       0x14 settings_menu.o
 .progmem.data.__c.5777
                0x00002152       0x14 settings_menu.o
 .progmem.data.__c.5774
                0x00002166       0x14 settings_menu.o
 .progmem.data.__c.5771
                0x0000217a       0x12 settings_menu.o
 .progmem.data.__c.5768
                0x0000218c       0x12 settings_menu.o
 .progmem.data.__c.5765
                0x0000219e       0x12 settings_menu.o
 .progmem.data.__c.5762
                0x000021b0       0x11 settings_menu.o
 .progmem.data.__c.5759
                0x000021c1       0x11 settings_menu.o
 .progmem.data.__c.5756
                0x000021d2       0x11 settings_menu.o
 .progmem.data.__c.5753
                0x000021e3       0x11 settings_menu.o
 .progmem.data.__c.5750
                0x000021f4       0x11 settings_menu.o
 .progmem.data.__c.5747
                0x00002205        0xb settings_menu.o
 .progmem.data.__c.5745
                0x00002210        0xf settings_menu.o
 .progmem.data.__c.5742
                0x0000221f        0xb settings_menu.o
 .progmem.data.__c.5740
                0x0000222a        0xb settings_menu.o
 .progmem.data.__c.5737
                0x00002235        0xb settings_menu.o
 .progmem.data.__c.5734
                0x00002240        0xb settings_menu.o
 .progmem.data.__c.5731
                0x0000224b        0xb settings_menu.o
 .progmem.data.__c.5728
                0x00002256        0xb settings_menu.o
 .progmem.data.__c.5725
                0x00002261        0xb settings_menu.o
 .progmem.data.__c.5722
                0x0000226c        0xb settings_menu.o
 .progmem.data.__c.5718
                0x00002277        0xd settings_menu.o
 .progmem.data.__c.5715
                0x00002284        0xd settings_menu.o
 .progmem.data.__c.5712
                0x00002291        0xd settings_menu.o
 .progmem.data.__c.5708
                0x0000229e       0x15 settings_menu.o
 .progmem.data.__c.5705
                0x000022b3       0x11 settings_menu.o
 .progmem.data.__c.5702
                0x000022c4       0x12 settings_menu.o
 .progmem.data.__c.5699
                0x000022d6        0xe settings_menu.o
 .progmem.data.__c.5696
                0x000022e4        0xc settings_menu.o
 .progmem.data.__c.5693
                0x000022f0        0xf settings_menu.o
 .progmem.data.__c.5690
                0x000022ff        0xb settings_menu.o
 .progmem.data.__c.5687
                0x0000230a        0xb settings_menu.o
 .progmem.data.__c.5684
                0x00002315        0xe settings_menu.o
 .progmem.data.__c.5681
                0x00002323        0xc settings_menu.o
 .progmem.data.__c.5678
                0x0000232f        0xd settings_menu.o
 .progmem.data.__c.5675
                0x0000233c        0xd settings_menu.o
 .progmem.data.__c.5672
                0x00002349       0x13 settings_menu.o
 .progmem.data.__c.5669
                0x0000235c        0xf settings_menu.o
 .progmem.data.__c.5666
                0x0000236b        0xf settings_menu.o
 .progmem.data.__c.5663
                0x0000237a        0xf settings_menu.o
 .progmem.data.__c.5660
                0x00002389       0x10 settings_menu.o
 .progmem.data.__c.5657
                0x00002399        0xf settings_menu.o
 .progmem.data.__c.5654
                0x000023a8       0x14 settings_menu.o
 .progmem.data.__c.5652
                0x000023bc        0xa settings_menu.o
 .progmem.data.__c.5650
                0x000023c6        0xe settings_menu.o
 .progmem.data.__c.5647
                0x000023d4        0xc settings_menu.o
 .progmem.data.__c.5645
                0x000023e0        0xe settings_menu.o
 .progmem.data.__c.5642
                0x000023ee        0x9 settings_menu.o
 .progmem.data.__c.5640
                0x000023f7        0xe settings_menu.o
 .progmem.data.__c.5637
                0x00002405       0x13 settings_menu.o
 .progmem.data.__c.5634
                0x00002418        0x9 settings_menu.o
 .progmem.data.__c.5632
                0x00002421        0xe settings_menu.o
 .progmem.data.__c.5629
                0x0000242f        0xf settings_menu.o
 .progmem.data.__c.5626
                0x0000243e        0xf settings_menu.o
 .progmem.data.__c.5623
                0x0000244d        0xf settings_menu.o
 .progmem.data.__c.5620
                0x0000245c        0xf settings_menu.o
 .progmem.data.__c.5617
                0x0000246b        0xf settings_menu.o
 .progmem.data.__c.5614
                0x0000247a        0xe settings_menu.o
 .progmem.data.__c.5611
                0x00002488        0xe settings_menu.o
 .progmem.data.__c.5608
                0x00002496        0xf settings_menu.o
 .progmem.data.__c.5605
                0x000024a5        0xf settings_menu.o
 .progmem.data.__c.5602
                0x000024b4        0xf settings_menu.o
 .progmem.data.__c.5599
                0x000024c3        0xf settings_menu.o
 .progmem.data.__c.5594
                0x000024d2        0xf settings_menu.o
 .progmem.data.__c.5577
                0x000024e1        0xe settings_menu.o
 .progmem.data.__c.5574
                0x000024ef        0xe settings_menu.o
 .progmem.data.__c.5571
                0x000024fd        0xe settings_menu.o
 .progmem.data.__c.5568
                0x0000250b       0x11 settings_menu.o
 .progmem.data.__c.5565
                0x0000251c        0xc settings_menu.o
 .progmem.data.__c.5562
                0x00002528        0xe settings_menu.o
 .progmem.data.__c.5560
                0x00002536        0xa settings_menu.o
 .progmem.data.__c.5558
                0x00002540       0x10 settings_menu.o
 .progmem.data.__c.5555
                0x00002550       0x10 settings_menu.o
 .progmem.data.__c.5553
                0x00002560        0xe settings_menu.o
 .progmem.data.__c.5550
                0x0000256e       0x11 settings_menu.o
 .progmem.data.__c.5548
                0x0000257f        0xa settings_menu.o
 .progmem.data.__c.5546
                0x00002589       0x10 settings_menu.o
 .progmem.data.__c.5543
                0x00002599       0x10 settings_menu.o
 .progmem.data.__c.5541
                0x000025a9        0xe settings_menu.o
 .progmem.data.__c.5538
                0x000025b7       0x15 settings_menu.o
 .progmem.data.__c.5535
                0x000025cc       0x11 settings_menu.o
 .progmem.data.__c.5532
                0x000025dd        0xf settings_menu.o
 .progmem.data.__c.5529
                0x000025ec        0xd settings_menu.o
 .progmem.data.__c.5526
                0x000025f9        0xc settings_menu.o
 .progmem.data.__c.5523
                0x00002605       0x11 settings_menu.o
 .progmem.data.__c.5520
                0x00002616        0xe settings_menu.o
 .progmem.data.__c.5510
                0x00002624       0x11 settings_menu.o
 .progmem.data.__c.5507
                0x00002635        0xe settings_menu.o
 .progmem.data.__c.5493
                0x00002643        0x8 settings_menu.o
 .progmem.data.__c.5491
                0x0000264b        0xe settings_menu.o
 .progmem.data.__c.5485
                0x00002659        0x8 settings_menu.o
 .progmem.data.__c.5483
                0x00002661        0xe settings_menu.o
 .progmem.data.__c.5480
                0x0000266f        0x8 settings_menu.o
 .progmem.data.__c.5478
                0x00002677        0xe settings_menu.o
 .progmem.data.__c.5465
                0x00002685        0x8 settings_menu.o
 .progmem.data.__c.5463
                0x0000268d        0xe settings_menu.o
 .progmem.data.__c.5456
                0x0000269b       0x12 settings_menu.o
 .progmem.data.__c.5453
                0x000026ad       0x12 settings_menu.o
 .progmem.data.__c.5450
                0x000026bf       0x12 settings_menu.o
 .progmem.data.__c.5447
                0x000026d1       0x15 settings_menu.o
 .progmem.data.__c.5444
                0x000026e6       0x15 settings_menu.o
 .progmem.data.__c.5441
                0x000026fb        0xd settings_menu.o
 .progmem.data.__c.5439
                0x00002708       0x11 settings_menu.o
 .progmem.data.__c.5436
                0x00002719        0xd settings_menu.o
 .progmem.data.__c.5434
                0x00002726       0x11 settings_menu.o
 .progmem.data.__c.5431
                0x00002737        0xd settings_menu.o
 .progmem.data.__c.5429
                0x00002744       0x11 settings_menu.o
 .progmem.data.__c.5426
                0x00002755        0xd settings_menu.o
 .progmem.data.__c.5424
                0x00002762        0xd settings_menu.o
 .progmem.data.__c.5422
                0x0000276f        0xe settings_menu.o
 .progmem.data.__c.5419
                0x0000277d       0x15 settings_menu.o
 .progmem.data.__c.5417
                0x00002792        0x4 settings_menu.o
 .progmem.data.__c.5415
                0x00002796       0x15 settings_menu.o
 .progmem.data.__c.5412
                0x000027ab       0x11 settings_menu.o
 .progmem.data.__c.5410
                0x000027bc        0x4 settings_menu.o
 .progmem.data.__c.5408
                0x000027c0       0x11 settings_menu.o
 .progmem.data.__c.5405
                0x000027d1       0x12 settings_menu.o
 .progmem.data.__c.5403
                0x000027e3        0x4 settings_menu.o
 .progmem.data.__c.5401
                0x000027e7       0x12 settings_menu.o
 .progmem.data.__c.5398
                0x000027f9        0xe settings_menu.o
 .progmem.data.__c.5396
                0x00002807       0x12 settings_menu.o
 .progmem.data.__c.5393
                0x00002819        0xc settings_menu.o
 .progmem.data.__c.5391
                0x00002825       0x10 settings_menu.o
 .progmem.data.__c.5388
                0x00002835        0xf settings_menu.o
 .progmem.data.__c.5386
                0x00002844       0x13 settings_menu.o
 .progmem.data.__c.5383
                0x00002857        0xb settings_menu.o
 .progmem.data.__c.5381
                0x00002862        0xf settings_menu.o
 .progmem.data.__c.5378
                0x00002871        0xb settings_menu.o
 .progmem.data.__c.5376
                0x0000287c        0xf settings_menu.o
 .progmem.data.__c.5373
                0x0000288b        0xe settings_menu.o
 .progmem.data.__c.5371
                0x00002899       0x12 settings_menu.o
 .progmem.data.__c.5368
                0x000028ab        0xc settings_menu.o
 .progmem.data.__c.5366
                0x000028b7       0x10 settings_menu.o
 .progmem.data.__c.5363
                0x000028c7        0xd settings_menu.o
 .progmem.data.__c.5361
                0x000028d4       0x11 settings_menu.o
 .progmem.data.__c.5358
                0x000028e5        0xd settings_menu.o
 .progmem.data.__c.5356
                0x000028f2       0x11 settings_menu.o
 .progmem.data.__c.5353
                0x00002903        0x4 settings_menu.o
 .progmem.data.__c.5350
                0x00002907       0x15 settings_menu.o
 .progmem.data.__c.5347
                0x0000291c        0x4 settings_menu.o
 .progmem.data.__c.5344
                0x00002920       0x11 settings_menu.o
 .progmem.data.__c.5341
                0x00002931        0x4 settings_menu.o
 .progmem.data.__c.5338
                0x00002935       0x12 settings_menu.o
 .progmem.data.__c.5334
                0x00002947       0x14 settings_menu.o
 .progmem.data.__c.5332
                0x0000295b       0x12 settings_menu.o
 .progmem.data.__c.5329
                0x0000296d       0x14 settings_menu.o
 .progmem.data.__c.5325
                0x00002981       0x14 settings_menu.o
 .progmem.data.__c.5322
                0x00002995        0xc settings_menu.o
 .progmem.data.__c.5320
                0x000029a1        0xe settings_menu.o
 .progmem.data.__c.5311
                0x000029af        0xb settings_menu.o
 .progmem.data.__c.5305
                0x000029ba        0xd settings_menu.o
 .progmem.data.__c.5301
                0x000029c7        0xf settings_menu.o
 .progmem.data.__c.5636
                0x000029d6       0x14 user_menu.o
 .progmem.data.__c.5634
                0x000029ea       0x14 user_menu.o
 .progmem.data.__c.5628
                0x000029fe        0xd user_menu.o
 .progmem.data.__c.5626
                0x00002a0b        0xf user_menu.o
 .progmem.data.__c.5624
                0x00002a1a        0xd user_menu.o
 .progmem.data.__c.5622
                0x00002a27        0xf user_menu.o
 .progmem.data.__c.5620
                0x00002a36        0xd user_menu.o
 .progmem.data.__c.5618
                0x00002a43        0xc user_menu.o
 .progmem.data.__c.5616
                0x00002a4f       0x14 user_menu.o
 .progmem.data.__c.5599
                0x00002a63        0x9 user_menu.o
 .progmem.data.__c.5596
                0x00002a6c        0x9 user_menu.o
 .progmem.data.__c.5593
                0x00002a75        0x9 user_menu.o
 .progmem.data.__c.5589
                0x00002a7e       0x14 user_menu.o
 .progmem.data.__c.5587
                0x00002a92        0xa user_menu.o
 .progmem.data.__c.5585
                0x00002a9c        0xe user_menu.o
 .progmem.data.__c.5579
                0x00002aaa        0xc user_menu.o
 .progmem.data.__c.5577
                0x00002ab6        0xe user_menu.o
 .progmem.data.__c.5570
                0x00002ac4        0xb user_menu.o
 .progmem.data.__c.5567
                0x00002acf        0x6 user_menu.o
 .progmem.data.__c.5565
                0x00002ad5        0xe user_menu.o
 .progmem.data.__c.5562
                0x00002ae3        0x9 user_menu.o
 .progmem.data.__c.5560
                0x00002aec        0xe user_menu.o
 .progmem.data.__c.5557
                0x00002afa        0xe user_menu.o
 .progmem.data.__c.5554
                0x00002b08        0x6 user_menu.o
 .progmem.data.__c.5550
                0x00002b0e        0xf user_menu.o
 .progmem.data.__c.5542
                0x00002b1d        0xe user_menu.o
 .progmem.data.__c.5537
                0x00002b2b        0xe user_menu.o
 .progmem.data.__c.5532
                0x00002b39        0xe user_menu.o
 .progmem.data.__c.5527
                0x00002b47        0x9 user_menu.o
 .progmem.data.__c.5524
                0x00002b50        0x9 user_menu.o
 .progmem.data.__c.5521
                0x00002b59        0xc user_menu.o
 .progmem.data.__c.5517
                0x00002b65        0xe user_menu.o
 .progmem.data.__c.5514
                0x00002b73       0x14 user_menu.o
 .progmem.data.__c.5512
                0x00002b87        0xa user_menu.o
 .progmem.data.__c.5510
                0x00002b91        0xe user_menu.o
 .progmem.data.__c.5503
                0x00002b9f        0x9 user_menu.o
 .progmem.data.__c.5501
                0x00002ba8        0xe user_menu.o
 .progmem.data.__c.5498
                0x00002bb6        0xe user_menu.o
 .progmem.data.__c.5492
                0x00002bc4        0xb user_menu.o
 .progmem.data.__c.5488
                0x00002bcf        0xe user_menu.o
 .progmem.data.__c.5482
                0x00002bdd        0xf user_menu.o
 .progmem.data.__c.5475
                0x00002bec        0x9 user_menu.o
 .progmem.data.__c.5472
                0x00002bf5        0x9 user_menu.o
 .progmem.data.__c.5469
                0x00002bfe        0x9 user_menu.o
 .progmem.data.__c.5466
                0x00002c07        0x9 user_menu.o
 .progmem.data.__c.5463
                0x00002c10        0x9 user_menu.o
 .progmem.data.__c.5460
                0x00002c19        0x9 user_menu.o
 .progmem.data.__c.5457
                0x00002c22        0x9 user_menu.o
 .progmem.data.__c.5454
                0x00002c2b        0x9 user_menu.o
 .progmem.data.__c.5451
                0x00002c34        0x9 user_menu.o
 .progmem.data.__c.5448
                0x00002c3d        0xc user_menu.o
 .progmem.data.__c.5445
                0x00002c49        0x6 user_menu.o
 .progmem.data.__c.5442
                0x00002c4f        0x6 user_menu.o
 .progmem.data.__c.5439
                0x00002c55        0x6 user_menu.o
 .progmem.data.__c.5436
                0x00002c5b        0x6 user_menu.o
 .progmem.data.__c.5432
                0x00002c61       0x14 user_menu.o
 .progmem.data.__c.5430
                0x00002c75        0xa user_menu.o
 .progmem.data.__c.5428
                0x00002c7f        0xe user_menu.o
 .progmem.data.__c.5425
                0x00002c8d        0x6 user_menu.o
 .progmem.data.__c.5423
                0x00002c93        0xe user_menu.o
 .progmem.data.__c.5420
                0x00002ca1        0xf user_menu.o
 .progmem.data.__c.5417
                0x00002cb0        0xc user_menu.o
 .progmem.data.__c.5415
                0x00002cbc        0xe user_menu.o
 .progmem.data.__c.5412
                0x00002cca        0x9 user_menu.o
 .progmem.data.__c.5410
                0x00002cd3        0xe user_menu.o
 .progmem.data.__c.5407
                0x00002ce1       0x13 user_menu.o
 .progmem.data.__c.5404
                0x00002cf4        0x9 user_menu.o
 .progmem.data.__c.5402
                0x00002cfd        0xe user_menu.o
 .progmem.data.__c.5399
                0x00002d0b        0xf user_menu.o
 .progmem.data.__c.5396
                0x00002d1a        0xe user_menu.o
 .progmem.data.__c.5393
                0x00002d28        0xf user_menu.o
 .progmem.data.__c.5390
                0x00002d37        0xb user_menu.o
 .progmem.data.__c.5387
                0x00002d42        0xb user_menu.o
 .progmem.data.__c.5384
                0x00002d4d        0xe user_menu.o
 .progmem.data.__c.5381
                0x00002d5b        0xe user_menu.o
 .progmem.data.__c.5378
                0x00002d69        0xf user_menu.o
 .progmem.data.__c.5373
                0x00002d78        0xf user_menu.o
 .progmem.data.__c.5356
                0x00002d87        0xe user_menu.o
 .progmem.data.__c.5353
                0x00002d95        0xe user_menu.o
 .progmem.data.__c.5350
                0x00002da3        0xe user_menu.o
 .progmem.data.__c.5347
                0x00002db1       0x11 user_menu.o
 .progmem.data.__c.5344
                0x00002dc2        0xc user_menu.o
 .progmem.data.__c.5338
                0x00002dce       0x14 user_menu.o
 .progmem.data.__c.5336
                0x00002de2       0x12 user_menu.o
 .progmem.data.__c.5333
                0x00002df4       0x14 user_menu.o
 .progmem.data.__c.5329
                0x00002e08       0x14 user_menu.o
 .progmem.data.__c.5326
                0x00002e1c        0xc user_menu.o
 .progmem.data.__c.5324
                0x00002e28        0xe user_menu.o
 .progmem.data.__c.5321
                0x00002e36        0xe user_menu.o
 .progmem.data.__c.5319
                0x00002e44       0x12 user_menu.o
 .progmem.data.__c.5315
                0x00002e56        0xb user_menu.o
 .progmem.data.__c.5313
                0x00002e61        0xf user_menu.o
 .progmem.data.__c.5310
                0x00002e70        0xb user_menu.o
 .progmem.data.__c.5308
                0x00002e7b        0xf user_menu.o
 .progmem.data.__c.5303
                0x00002e8a        0xb user_menu.o
 .progmem.data.__c.5300
                0x00002e95        0xe user_menu.o
 .progmem.data.__c.5296
                0x00002ea3        0xf user_menu.o
                0x00002eb2                . = ALIGN (0x2)
 *(.jumptables)
 *(.jumptables*)
 *(.lowtext)
 *(.lowtext*)
                0x00002eb2                __ctors_start = .
 *(.ctors)
                0x00002eb2                __ctors_end = .
                0x00002eb2                __dtors_start = .
 *(.dtors)
                0x00002eb2                __dtors_end = .
 SORT(*)(.ctors)
 SORT(*)(.dtors)
 *(.init0)
 .init0         0x00002eb2        0x0 C:/Program Files (x86)/Atmel/Studio/7.0/Packs/atmel/XMEGAA_DFP/1.1.68/gcc/dev/atxmega64a1u/avrxmega5/crtatxmega64a1u.o
                0x00002eb2                __init
 *(.init0)
 *(.init1)
 *(.init1)
 *(.init2)
 .init2         0x00002eb2       0x14 C:/Program Files (x86)/Atmel/Studio/7.0/Packs/atmel/XMEGAA_DFP/1.1.68/gcc/dev/atxmega64a1u/avrxmega5/crtatxmega64a1u.o
 *(.init2)
 *(.init3)
 *(.init3)
 *(.init4)
 .init4         0x00002ec6       0x1c c:/program files (x86)/atmel/studio/7.0/toolchain/avr8/avr8-gnu-toolchain/bin/../lib/gcc/avr/5.4.0/avrxmega5\libgcc.a(_copy_data.o)
                0x00002ec6                __do_copy_data
 .init4         0x00002ee2       0x10 c:/program files (x86)/atmel/studio/7.0/toolchain/avr8/avr8-gnu-toolchain/bin/../lib/gcc/avr/5.4.0/avrxmega5\libgcc.a(_clear_bss.o)
                0x00002ee2                __do_clear_bss
 *(.init4)
 *(.init5)
 *(.init5)
 *(.init6)
 *(.init6)
 *(.init7)
 *(.init7)
 *(.init8)
 *(.init8)
 *(.init9)
 .init9         0x00002ef2        0x8 C:/Program Files (x86)/Atmel/Studio/7.0/Packs/atmel/XMEGAA_DFP/1.1.68/gcc/dev/atxmega64a1u/avrxmega5/crtatxmega64a1u.o
 *(.init9)
 *(.text)
 .text          0x00002efa        0x4 C:/Program Files (x86)/Atmel/Studio/7.0/Packs/atmel/XMEGAA_DFP/1.1.68/gcc/dev/atxmega64a1u/avrxmega5/crtatxmega64a1u.o
                0x00002efa                __vector_38
                0x00002efa                __vector_104
                0x00002efa                __vector_63
                0x00002efa                __vector_28
                0x00002efa                __vector_67
                0x00002efa                __vector_1
                0x00002efa                __vector_119
                0x00002efa                __vector_32
                0x00002efa                __vector_75
                0x00002efa                __vector_71
                0x00002efa                __vector_91
                0x00002efa                __vector_62
                0x00002efa                __vector_77
                0x00002efa                __vector_102
                0x00002efa                __vector_24
                0x00002efa                __vector_12
                0x00002efa                __vector_55
                0x00002efa                __vector_69
                0x00002efa                __vector_81
                0x00002efa                __vector_90
                0x00002efa                __bad_interrupt
                0x00002efa                __vector_122
                0x00002efa                __vector_72
                0x00002efa                __vector_114
                0x00002efa                __vector_6
                0x00002efa                __vector_110
                0x00002efa                __vector_31
                0x00002efa                __vector_92
                0x00002efa                __vector_35
                0x00002efa                __vector_78
                0x00002efa                __vector_74
                0x00002efa                __vector_117
                0x00002efa                __vector_39
                0x00002efa                __vector_107
                0x00002efa                __vector_3
                0x00002efa                __vector_105
                0x00002efa                __vector_23
                0x00002efa                __vector_68
                0x00002efa                __vector_30
                0x00002efa                __vector_73
                0x00002efa                __vector_45
                0x00002efa                __vector_25
                0x00002efa                __vector_93
                0x00002efa                __vector_61
                0x00002efa                __vector_11
                0x00002efa                __vector_54
                0x00002efa                __vector_13
                0x00002efa                __vector_17
                0x00002efa                __vector_19
                0x00002efa                __vector_56
                0x00002efa                __vector_7
                0x00002efa                __vector_125
                0x00002efa                __vector_49
                0x00002efa                __vector_123
                0x00002efa                __vector_41
                0x00002efa                __vector_86
                0x00002efa                __vector_64
                0x00002efa                __vector_88
                0x00002efa                __vector_109
                0x00002efa                __vector_43
                0x00002efa                __vector_27
                0x00002efa                __vector_5
                0x00002efa                __vector_113
                0x00002efa                __vector_33
                0x00002efa                __vector_76
                0x00002efa                __vector_115
                0x00002efa                __vector_47
                0x00002efa                __vector_52
                0x00002efa                __vector_37
                0x00002efa                __vector_95
                0x00002efa                __vector_103
                0x00002efa                __vector_89
                0x00002efa                __vector_108
                0x00002efa                __vector_4
                0x00002efa                __vector_44
                0x00002efa                __vector_82
                0x00002efa                __vector_106
                0x00002efa                __vector_118
                0x00002efa                __vector_51
                0x00002efa                __vector_9
                0x00002efa                __vector_21
                0x00002efa                __vector_15
                0x00002efa                __vector_36
                0x00002efa                __vector_79
                0x00002efa                __vector_58
                0x00002efa                __vector_70
                0x00002efa                __vector_83
                0x00002efa                __vector_29
                0x00002efa                __vector_60
                0x00002efa                __vector_121
                0x00002efa                __vector_40
                0x00002efa                __vector_94
                0x00002efa                __vector_126
                0x00002efa                __vector_8
                0x00002efa                __vector_26
                0x00002efa                __vector_48
                0x00002efa                __vector_124
                0x00002efa                __vector_116
                0x00002efa                __vector_112
                0x00002efa                __vector_111
                0x00002efa                __vector_80
                0x00002efa                __vector_14
                0x00002efa                __vector_84
                0x00002efa                __vector_57
                0x00002efa                __vector_53
                0x00002efa                __vector_10
                0x00002efa                __vector_50
                0x00002efa                __vector_59
                0x00002efa                __vector_18
                0x00002efa                __vector_20
                0x00002efa                __vector_42
                0x00002efa                __vector_87
                0x00002efa                __vector_65
                0x00002efa                __vector_120
                0x00002efe                . = ALIGN (0x2)
 *(.text.*)
 .text.initialize_ADC
                0x00002efe       0x48 battery.o
                0x00002efe                initialize_ADC
 .text.check_battery_voltage
                0x00002f46      0x2d6 battery.o
                0x00002f46                check_battery_voltage
 .text.request_battery_can
                0x0000321c       0x36 battery.o
                0x0000321c                request_battery_can
 .text.write_bytes_CAN
                0x00003252       0x4e CAN.o
                0x00003252                write_bytes_CAN
 .text.initialize_CAN
                0x000032a0       0xfc CAN.o
                0x000032a0                initialize_CAN
 .text.read_bytes_CAN
                0x0000339c       0x4e CAN.o
                0x0000339c                read_bytes_CAN
 .text.read_byte_CAN
                0x000033ea       0x5a CAN.o
                0x000033ea                read_byte_CAN
 .text.transmit_CAN
                0x00003444       0x4a CAN.o
                0x00003444                transmit_CAN
 .text.transmit_CAN_
                0x0000348e      0x13a CAN.o
                0x0000348e                transmit_CAN_
 .text.reset_CAN_error
                0x000035c8       0x24 CAN.o
                0x000035c8                reset_CAN_error
 .text.__vector_2
                0x000035ec      0x18a CAN.o
                0x000035ec                __vector_2
 .text.CQ_initialize
                0x00003776       0x1c can_queue.o
                0x00003776                CQ_initialize
 .text.CQRx_queueIsEmpty
                0x00003792       0x10 can_queue.o
                0x00003792                CQRx_queueIsEmpty
 .text.CQRx_enqueue
                0x000037a2       0xc6 can_queue.o
                0x000037a2                CQRx_enqueue
 .text.CQRx_dequeue
                0x00003868       0x56 can_queue.o
                0x00003868                CQRx_dequeue
 .text.CQTx_enqueue
                0x000038be       0x48 can_queue.o
                0x000038be                CQTx_enqueue
 .text.CQTx_dequeue
                0x00003906       0x4c can_queue.o
                0x00003906                CQTx_dequeue
 .text.log_event
                0x00003952       0x38 event_logging.o
                0x00003952                log_event
 .text.update_A2_settings
                0x0000398a       0xfc intercommunication.o
                0x0000398a                update_A2_settings
 .text.send_motor_info
                0x00003a86       0x4e intercommunication.o
                0x00003a86                send_motor_info
 .text.request_statistics
                0x00003ad4       0x3a intercommunication.o
                0x00003ad4                request_statistics
 .text.update_DM_settings
                0x00003b0e       0xa4 intercommunication.o
                0x00003b0e                update_DM_settings
 .text.update_DM_accel
                0x00003bb2       0x44 intercommunication.o
                0x00003bb2                update_DM_accel
 .text.update_DM_deaccel
                0x00003bf6       0x44 intercommunication.o
                0x00003bf6                update_DM_deaccel
 .text.update_DM_braekdelay
                0x00003c3a       0x44 intercommunication.o
                0x00003c3a                update_DM_braekdelay
 .text.update_DM_slow_speed
                0x00003c7e       0x44 intercommunication.o
                0x00003c7e                update_DM_slow_speed
 .text.update_DM_fast_speed
                0x00003cc2       0x44 intercommunication.o
                0x00003cc2                update_DM_fast_speed
 .text.update_DM_reverse_speed
                0x00003d06       0x44 intercommunication.o
                0x00003d06                update_DM_reverse_speed
 .text.update_DM_CURRENT_RATING
                0x00003d4a       0x44 intercommunication.o
                0x00003d4a                update_DM_CURRENT_RATING
 .text.update_DM_MAX_CURRENT
                0x00003d8e       0x44 intercommunication.o
                0x00003d8e                update_DM_MAX_CURRENT
 .text.update_DM_OVER_LOAD_TIME
                0x00003dd2       0x44 intercommunication.o
                0x00003dd2                update_DM_OVER_LOAD_TIME
 .text.acknowledge_top
                0x00003e16       0x38 intercommunication.o
                0x00003e16                acknowledge_top
 .text.send_pot_calibrating
                0x00003e4e       0x3c intercommunication.o
                0x00003e4e                send_pot_calibrating
 .text.processCAN
                0x00003e8a      0x948 intercommunication.o
                0x00003e8a                processCAN
 .text.Request_pot_value
                0x000047d2       0x38 intercommunication.o
                0x000047d2                Request_pot_value
 .text.send_alarm
                0x0000480a       0x38 intercommunication.o
                0x0000480a                send_alarm
 .text.send_emergency_off
                0x00004842       0x38 intercommunication.o
                0x00004842                send_emergency_off
 .text.send_CAN_ACK
                0x0000487a       0x3a intercommunication.o
                0x0000487a                send_CAN_ACK
 .text.send_serial_num
                0x000048b4       0xfa intercommunication.o
                0x000048b4                send_serial_num
 .text.request_A2_serial_num
                0x000049ae       0x38 intercommunication.o
                0x000049ae                request_A2_serial_num
 .text.request_A3_serial_num
                0x000049e6       0x38 intercommunication.o
                0x000049e6                request_A3_serial_num
 .text.send_reset_CAN
                0x00004a1e       0x38 intercommunication.o
                0x00004a1e                send_reset_CAN
 .text.erase_SD_card
                0x00004a56       0x26 intercommunication.o
                0x00004a56                erase_SD_card
 .text.update_A2_brush_slow_start
                0x00004a7c       0x3c intercommunication.o
                0x00004a7c                update_A2_brush_slow_start
 .text.update_A2_vaccum_slow_start
                0x00004ab8       0x3c intercommunication.o
                0x00004ab8                update_A2_vaccum_slow_start
 .text.update_A2_presweep_slow_start
                0x00004af4       0x3c intercommunication.o
                0x00004af4                update_A2_presweep_slow_start
 .text.initialize_keypad
                0x00004b30       0xfe keypad.o
                0x00004b30                initialize_keypad
 .text.switch_low
                0x00004c2e       0xf4 keypad.o
                0x00004c2e                switch_low
 .text.clear_switch_pressed
                0x00004d22       0x34 keypad.o
                0x00004d22                clear_switch_pressed
 .text.__vector_66
                0x00004d56       0x60 keypad.o
                0x00004d56                __vector_66
 .text.__vector_34
                0x00004db6       0x76 keypad.o
                0x00004db6                __vector_34
 .text.__vector_96
                0x00004e2c       0xa4 keypad.o
                0x00004e2c                __vector_96
 .text.__vector_97
                0x00004ed0       0xc4 keypad.o
                0x00004ed0                __vector_97
 .text.__vector_98
                0x00004f94       0x7e keypad.o
                0x00004f94                __vector_98
 .text.__vector_99
                0x00005012       0x48 keypad.o
                0x00005012                __vector_99
 .text.__vector_100
                0x0000505a       0x6c keypad.o
                0x0000505a                __vector_100
 .text.__vector_101
                0x000050c6       0xb2 keypad.o
                0x000050c6                __vector_101
 .text.initialize_keypad_settings
                0x00005178      0x156 keypad_settings.o
                0x00005178                initialize_keypad_settings
 .text.is_reverse_transport
                0x000052ce       0x58 keypad_settings.o
                0x000052ce                is_reverse_transport
 .text.change_auto_state
                0x00005326      0x1ca keypad_settings.o
                0x00005326                change_auto_state
 .text.transport_mode_on
                0x000054f0       0x66 keypad_settings.o
                0x000054f0                transport_mode_on
 .text.transport_mode_off
                0x00005556      0x10e keypad_settings.o
                0x00005556                transport_mode_off
 .text.change_transport_mode
                0x00005664       0xaa keypad_settings.o
                0x00005664                change_transport_mode
 .text.reverse_mode_on
                0x0000570e       0x62 keypad_settings.o
                0x0000570e                reverse_mode_on
 .text.reverse_mode_off
                0x00005770      0x108 keypad_settings.o
                0x00005770                reverse_mode_off
 .text.change_forward_reverse_state
                0x00005878       0xa6 keypad_settings.o
                0x00005878                change_forward_reverse_state
 .text.change_auto_settings
                0x0000591e       0x78 keypad_settings.o
                0x0000591e                change_auto_settings
 .text.increase_water_pump_level
                0x00005996      0x180 keypad_settings.o
                0x00005996                increase_water_pump_level
 .text.decrease_water_pump_level
                0x00005b16      0x17c keypad_settings.o
                0x00005b16                decrease_water_pump_level
 .text.increase_detergent_pump_level
                0x00005c92      0x16a keypad_settings.o
                0x00005c92                increase_detergent_pump_level
 .text.decrease_detergent_pump_level
                0x00005dfc      0x160 keypad_settings.o
                0x00005dfc                decrease_detergent_pump_level
 .text.change_vacuum_state
                0x00005f5c       0xaa keypad_settings.o
                0x00005f5c                change_vacuum_state
 .text.change_horn_state
                0x00006006       0x76 keypad_settings.o
                0x00006006                change_horn_state
 .text.change_headlights_state
                0x0000607c       0x80 keypad_settings.o
                0x0000607c                change_headlights_state
 .text.change_solenoid_valve_state
                0x000060fc       0x66 keypad_settings.o
                0x000060fc                change_solenoid_valve_state
 .text.change_extra_pressure_state
                0x00006162       0x72 keypad_settings.o
                0x00006162                change_extra_pressure_state
 .text.change_brush_state
                0x000061d4       0x94 keypad_settings.o
                0x000061d4                change_brush_state
 .text.change_speed
                0x00006268       0x30 keypad_settings.o
                0x00006268                change_speed
 .text.change_eco_mode
                0x00006298      0x102 keypad_settings.o
                0x00006298                change_eco_mode
 .text.turn_off_motors
                0x0000639a       0x76 keypad_settings.o
                0x0000639a                turn_off_motors
 .text.initialize_Screen
                0x00006410       0x8e lcd_screen.o
                0x00006410                initialize_Screen
 .text.lcd_write
                0x0000649e       0x74 lcd_screen.o
                0x0000649e                lcd_write
 .text.lcd_write_P
                0x00006512       0x56 lcd_screen.o
                0x00006512                lcd_write_P
 .text.lcd_set_cursor
                0x00006568       0x3a lcd_screen.o
                0x00006568                lcd_set_cursor
 .text.lcd_clear_screen
                0x000065a2       0x34 lcd_screen.o
                0x000065a2                lcd_clear_screen
 .text.lcd_write_new
                0x000065d6       0x80 lcd_screen.o
                0x000065d6                lcd_write_new
 .text.lcd_write_new_P
                0x00006656       0x64 lcd_screen.o
                0x00006656                lcd_write_new_P
 .text.lcd_cursor_on
                0x000066ba       0x30 lcd_screen.o
                0x000066ba                lcd_cursor_on
 .text.lcd_cursor_off
                0x000066ea       0x30 lcd_screen.o
                0x000066ea                lcd_cursor_off
 .text.lcd_menu
                0x0000671a      0x1b4 lcd_screen.o
                0x0000671a                lcd_menu
 .text.lcd_menu_update
                0x000068ce      0x16e lcd_screen.o
                0x000068ce                lcd_menu_update
 .text.lcd_led_blink
                0x00006a3c       0x5e lcd_screen.o
                0x00006a3c                lcd_led_blink
 .text.lcd_create_CGRAM
                0x00006a9a       0xc4 lcd_screen.o
                0x00006a9a                lcd_create_CGRAM
 .text.print_info
                0x00006b5e      0x12a RB_800_A1.o
                0x00006b5e                print_info
 .text.initialize
                0x00006c88       0xf2 RB_800_A1.o
                0x00006c88                initialize
 .text.main     0x00006d7a      0x654 RB_800_A1.o
                0x00006d7a                main
 .text.__vector_46
                0x000073ce       0x6a RB_800_A1.o
                0x000073ce                __vector_46
 .text.set_to_default
                0x00007438      0x308 RB_settings.o
                0x00007438                set_to_default
 .text.initialize_RB_settings
                0x00007740      0x3c6 RB_settings.o
                0x00007740                initialize_RB_settings
 .text.menu_next
                0x00007b06     0x155e settings_menu.o
                0x00007b06                menu_next
 .text.menu_back
                0x00009064      0x804 settings_menu.o
                0x00009064                menu_back
 .text.menu_up  0x00009868      0xc9e settings_menu.o
                0x00009868                menu_up
 .text.menu_down
                0x0000a506      0xd2c settings_menu.o
                0x0000a506                menu_down
 .text.enter_admin_mode
                0x0000b232       0x90 settings_menu.o
                0x0000b232                enter_admin_mode
 .text.start_s_menu
                0x0000b2c2      0x216 settings_menu.o
                0x0000b2c2                start_s_menu
 .text.initialize_SPI
                0x0000b4d8       0x1c SPI.o
                0x0000b4d8                initialize_SPI
 .text.write_byte_SPI
                0x0000b4f4       0x1a SPI.o
                0x0000b4f4                write_byte_SPI
 .text.write_bytes_SPI
                0x0000b50e       0x2a SPI.o
                0x0000b50e                write_bytes_SPI
 .text.read_bytes_SPI
                0x0000b538       0x44 SPI.o
                0x0000b538                read_bytes_SPI
 .text.initialize_timers
                0x0000b57c       0x28 timers.o
                0x0000b57c                initialize_timers
 .text.stop_second_timer
                0x0000b5a4        0x6 timers.o
                0x0000b5a4                stop_second_timer
 .text.initialize_32Mhz
                0x0000b5aa       0x1c timers.o
                0x0000b5aa                initialize_32Mhz
 .text.write_hours
                0x0000b5c6       0x7c timers.o
                0x0000b5c6                write_hours
 .text.write_minutes
                0x0000b642       0x68 timers.o
                0x0000b642                write_minutes
 .text.read_hours
                0x0000b6aa       0x82 timers.o
                0x0000b6aa                read_hours
 .text.read_minutes
                0x0000b72c       0x6e timers.o
                0x0000b72c                read_minutes
 .text.initialize_runtime_reset_timer
                0x0000b79a       0x2c timers.o
                0x0000b79a                initialize_runtime_reset_timer
 .text.start_input_reset
                0x0000b7c6        0xc timers.o
                0x0000b7c6                start_input_reset
 .text.__vector_16
                0x0000b7d2      0x312 timers.o
                0x0000b7d2                __vector_16
 .text.__vector_22
                0x0000bae4      0x3c6 timers.o
                0x0000bae4                __vector_22
 .text.__vector_85
                0x0000beaa       0x6e timers.o
                0x0000beaa                __vector_85
 .text.TWI_MasterInit
                0x0000bf18       0x22 twi_master_driver.o
                0x0000bf18                TWI_MasterInit
 .text.TWI_MasterWriteRead
                0x0000bf3a       0xbc twi_master_driver.o
                0x0000bf3a                TWI_MasterWriteRead
 .text.TWI_MasterWrite
                0x0000bff6       0x1e twi_master_driver.o
                0x0000bff6                TWI_MasterWrite
 .text.TWI_MasterArbitrationLostBusErrorHandler
                0x0000c014       0x30 twi_master_driver.o
                0x0000c014                TWI_MasterArbitrationLostBusErrorHandler
 .text.TWI_MasterWriteHandler
                0x0000c044       0x80 twi_master_driver.o
                0x0000c044                TWI_MasterWriteHandler
 .text.TWI_MasterReadHandler
                0x0000c0c4       0x7e twi_master_driver.o
                0x0000c0c4                TWI_MasterReadHandler
 .text.TWI_MasterInterruptHandler
                0x0000c142       0x38 twi_master_driver.o
                0x0000c142                TWI_MasterInterruptHandler
 .text.user_menu_next
                0x0000c17a      0x3d4 user_menu.o
                0x0000c17a                user_menu_next
 .text.user_menu_back
                0x0000c54e      0x394 user_menu.o
                0x0000c54e                user_menu_back
 .text.user_menu_up
                0x0000c8e2      0x374 user_menu.o
                0x0000c8e2                user_menu_up
 .text.user_menu_down
                0x0000cc56      0x374 user_menu.o
                0x0000cc56                user_menu_down
 .text.start_u_menu
                0x0000cfca      0x2d8 user_menu.o
                0x0000cfca                start_u_menu
 .text.avr-libc.fplib
                0x0000d2a2        0xe c:/program files (x86)/atmel/studio/7.0/toolchain/avr8/avr8-gnu-toolchain/bin/../lib/gcc/avr/5.4.0/../../../../avr/lib/avrxmega5\libm.a(addsf3.o)
                0x0000d2a2                __subsf3
                0x0000d2a4                __addsf3
 .text.avr-libc.fplib
                0x0000d2b0       0xcc c:/program files (x86)/atmel/studio/7.0/toolchain/avr8/avr8-gnu-toolchain/bin/../lib/gcc/avr/5.4.0/../../../../avr/lib/avrxmega5\libm.a(addsf3x.o)
                0x0000d2d2                __addsf3x
 .text.avr-libc.fplib
                0x0000d37c        0xa c:/program files (x86)/atmel/studio/7.0/toolchain/avr8/avr8-gnu-toolchain/bin/../lib/gcc/avr/5.4.0/../../../../avr/lib/avrxmega5\libm.a(cmpsf2.o)
                0x0000d37c                __nesf2
                0x0000d37c                __eqsf2
                0x0000d37c                __cmpsf2
                0x0000d37c                __ltsf2
                0x0000d37c                __lesf2
 .text.avr-libc.fplib
                0x0000d386        0x8 c:/program files (x86)/atmel/studio/7.0/toolchain/avr8/avr8-gnu-toolchain/bin/../lib/gcc/avr/5.4.0/../../../../avr/lib/avrxmega5\libm.a(divsf3.o)
                0x0000d386                __divsf3
 .text.avr-libc.fplib
                0x0000d38e       0xdc c:/program files (x86)/atmel/studio/7.0/toolchain/avr8/avr8-gnu-toolchain/bin/../lib/gcc/avr/5.4.0/../../../../avr/lib/avrxmega5\libm.a(divsf3x.o)
                0x0000d3ae                __divsf3x
                0x0000d3b4                __divsf3_pse
 .text.avr-libc.fplib
                0x0000d46a       0x5e c:/program files (x86)/atmel/studio/7.0/toolchain/avr8/avr8-gnu-toolchain/bin/../lib/gcc/avr/5.4.0/../../../../avr/lib/avrxmega5\libm.a(fixunssfsi.o)
                0x0000d46a                __fixunssfsi
 .text.avr-libc.fplib
                0x0000d4c8       0x7a c:/program files (x86)/atmel/studio/7.0/toolchain/avr8/avr8-gnu-toolchain/bin/../lib/gcc/avr/5.4.0/../../../../avr/lib/avrxmega5\libm.a(floatsisf.o)
                0x0000d4c8                __floatunsisf
                0x0000d4cc                __floatsisf
 .text.avr-libc.fplib
                0x0000d542       0x48 c:/program files (x86)/atmel/studio/7.0/toolchain/avr8/avr8-gnu-toolchain/bin/../lib/gcc/avr/5.4.0/../../../../avr/lib/avrxmega5\libm.a(fp_cmp.o)
                0x0000d542                __fp_cmp
 .text.avr-libc.fplib
                0x0000d58a        0xc c:/program files (x86)/atmel/studio/7.0/toolchain/avr8/avr8-gnu-toolchain/bin/../lib/gcc/avr/5.4.0/../../../../avr/lib/avrxmega5\libm.a(fp_inf.o)
                0x0000d58a                __fp_inf
 .text.avr-libc.fplib
                0x0000d596        0x6 c:/program files (x86)/atmel/studio/7.0/toolchain/avr8/avr8-gnu-toolchain/bin/../lib/gcc/avr/5.4.0/../../../../avr/lib/avrxmega5\libm.a(fp_nan.o)
                0x0000d596                __fp_nan
 .text.avr-libc.fplib
                0x0000d59c        0xe c:/program files (x86)/atmel/studio/7.0/toolchain/avr8/avr8-gnu-toolchain/bin/../lib/gcc/avr/5.4.0/../../../../avr/lib/avrxmega5\libm.a(fp_pscA.o)
                0x0000d59c                __fp_pscA
 .text.avr-libc.fplib
                0x0000d5aa        0xe c:/program files (x86)/atmel/studio/7.0/toolchain/avr8/avr8-gnu-toolchain/bin/../lib/gcc/avr/5.4.0/../../../../avr/lib/avrxmega5\libm.a(fp_pscB.o)
                0x0000d5aa                __fp_pscB
 .text.avr-libc.fplib
                0x0000d5b8       0x22 c:/program files (x86)/atmel/studio/7.0/toolchain/avr8/avr8-gnu-toolchain/bin/../lib/gcc/avr/5.4.0/../../../../avr/lib/avrxmega5\libm.a(fp_round.o)
                0x0000d5b8                __fp_round
 .text.avr-libc.fplib
                0x0000d5da       0x44 c:/program files (x86)/atmel/studio/7.0/toolchain/avr8/avr8-gnu-toolchain/bin/../lib/gcc/avr/5.4.0/../../../../avr/lib/avrxmega5\libm.a(fp_split3.o)
                0x0000d5da                __fp_split3
                0x0000d5ea                __fp_splitA
 .text.avr-libc.fplib
                0x0000d61e        0xe c:/program files (x86)/atmel/studio/7.0/toolchain/avr8/avr8-gnu-toolchain/bin/../lib/gcc/avr/5.4.0/../../../../avr/lib/avrxmega5\libm.a(fp_zero.o)
                0x0000d61e                __fp_zero
                0x0000d620                __fp_szero
 .text.avr-libc.fplib
                0x0000d62c        0xa c:/program files (x86)/atmel/studio/7.0/toolchain/avr8/avr8-gnu-toolchain/bin/../lib/gcc/avr/5.4.0/../../../../avr/lib/avrxmega5\libm.a(gesf2.o)
                0x0000d62c                __gesf2
                0x0000d62c                __gtsf2
 .text.avr-libc.fplib
                0x0000d636        0x8 c:/program files (x86)/atmel/studio/7.0/toolchain/avr8/avr8-gnu-toolchain/bin/../lib/gcc/avr/5.4.0/../../../../avr/lib/avrxmega5\libm.a(mulsf3.o)
                0x0000d636                __mulsf3
 .text.avr-libc.fplib
                0x0000d63e       0xd2 c:/program files (x86)/atmel/studio/7.0/toolchain/avr8/avr8-gnu-toolchain/bin/../lib/gcc/avr/5.4.0/../../../../avr/lib/avrxmega5\libm.a(mulsf3x.o)
                0x0000d65c                __mulsf3x
                0x0000d662                __mulsf3_pse
 .text.libgcc.div
                0x0000d710       0x28 c:/program files (x86)/atmel/studio/7.0/toolchain/avr8/avr8-gnu-toolchain/bin/../lib/gcc/avr/5.4.0/avrxmega5\libgcc.a(_divmodhi4.o)
                0x0000d710                _div
                0x0000d710                __divmodhi4
 .text.libgcc   0x0000d738       0x14 c:/program files (x86)/atmel/studio/7.0/toolchain/avr8/avr8-gnu-toolchain/bin/../lib/gcc/avr/5.4.0/avrxmega5\libgcc.a(_tablejump2.o)
                0x0000d738                __tablejump2__
 .text.libgcc.mul
                0x0000d74c       0x1e c:/program files (x86)/atmel/studio/7.0/toolchain/avr8/avr8-gnu-toolchain/bin/../lib/gcc/avr/5.4.0/avrxmega5\libgcc.a(_umulhisi3.o)
                0x0000d74c                __umulhisi3
 .text.libgcc.div
                0x0000d76a       0x28 c:/program files (x86)/atmel/studio/7.0/toolchain/avr8/avr8-gnu-toolchain/bin/../lib/gcc/avr/5.4.0/avrxmega5\libgcc.a(_udivmodhi4.o)
                0x0000d76a                __udivmodhi4
 .text.avr-libc
                0x0000d792       0x1e c:/program files (x86)/atmel/studio/7.0/toolchain/avr8/avr8-gnu-toolchain/bin/../lib/gcc/avr/5.4.0/../../../../avr/lib/avrxmega5\libc.a(strncpy.o)
                0x0000d792                strncpy
 .text.avr-libc
                0x0000d7b0       0x52 c:/program files (x86)/atmel/studio/7.0/toolchain/avr8/avr8-gnu-toolchain/bin/../lib/gcc/avr/5.4.0/../../../../avr/lib/avrxmega5\libc.a(sprintf.o)
                0x0000d7b0                sprintf
 .text.avr-libc
                0x0000d802      0x408 c:/program files (x86)/atmel/studio/7.0/toolchain/avr8/avr8-gnu-toolchain/bin/../lib/gcc/avr/5.4.0/../../../../avr/lib/avrxmega5\libc.a(vfprintf_std.o)
                0x0000d802                vfprintf
 .text.avr-libc
                0x0000dc0a       0x16 c:/program files (x86)/atmel/studio/7.0/toolchain/avr8/avr8-gnu-toolchain/bin/../lib/gcc/avr/5.4.0/../../../../avr/lib/avrxmega5\libc.a(strnlen_P.o)
                0x0000dc0a                strnlen_P
 .text.avr-libc
                0x0000dc20       0x16 c:/program files (x86)/atmel/studio/7.0/toolchain/avr8/avr8-gnu-toolchain/bin/../lib/gcc/avr/5.4.0/../../../../avr/lib/avrxmega5\libc.a(strnlen.o)
                0x0000dc20                strnlen
 .text.avr-libc
                0x0000dc36       0x78 c:/program files (x86)/atmel/studio/7.0/toolchain/avr8/avr8-gnu-toolchain/bin/../lib/gcc/avr/5.4.0/../../../../avr/lib/avrxmega5\libc.a(fputc.o)
                0x0000dc36                fputc
 .text.avr-libc
                0x0000dcae       0xbc c:/program files (x86)/atmel/studio/7.0/toolchain/avr8/avr8-gnu-toolchain/bin/../lib/gcc/avr/5.4.0/../../../../avr/lib/avrxmega5\libc.a(ultoa_invert.o)
                0x0000dcae                __ultoa_invert
 .text.avr-libc
                0x0000dd6a       0x18 C:/Program Files (x86)/Atmel/Studio/7.0/Packs/atmel/XMEGAA_DFP/1.1.68/gcc/dev/atxmega64a1u/avrxmega5\libatxmega64a1u.a(eerd_block.o)
                0x0000dd6a                eeprom_read_block
 .text.avr-libc
                0x0000dd82       0x20 C:/Program Files (x86)/Atmel/Studio/7.0/Packs/atmel/XMEGAA_DFP/1.1.68/gcc/dev/atxmega64a1u/avrxmega5\libatxmega64a1u.a(eerd_byte.o)
                0x0000dd82                eeprom_read_byte
                0x0000dd8a                eeprom_mapen
 .text.avr-libc
                0x0000dda2        0xa C:/Program Files (x86)/Atmel/Studio/7.0/Packs/atmel/XMEGAA_DFP/1.1.68/gcc/dev/atxmega64a1u/avrxmega5\libatxmega64a1u.a(eerd_word.o)
                0x0000dda2                eeprom_read_word
 .text.avr-libc
                0x0000ddac       0x20 C:/Program Files (x86)/Atmel/Studio/7.0/Packs/atmel/XMEGAA_DFP/1.1.68/gcc/dev/atxmega64a1u/avrxmega5\libatxmega64a1u.a(eeupd_block.o)
                0x0000ddac                eeprom_update_block
 .text.avr-libc
                0x0000ddcc       0x16 C:/Program Files (x86)/Atmel/Studio/7.0/Packs/atmel/XMEGAA_DFP/1.1.68/gcc/dev/atxmega64a1u/avrxmega5\libatxmega64a1u.a(eeupd_byte.o)
                0x0000ddcc                eeprom_update_byte
                0x0000ddce                eeprom_update_r18
 .text.avr-libc
                0x0000dde2       0x46 C:/Program Files (x86)/Atmel/Studio/7.0/Packs/atmel/XMEGAA_DFP/1.1.68/gcc/dev/atxmega64a1u/avrxmega5\libatxmega64a1u.a(eewr_byte.o)
                0x0000dde2                eeprom_write_byte
                0x0000dde4                eeprom_write_r18
 .text.avr-libc
                0x0000de28        0xa C:/Program Files (x86)/Atmel/Studio/7.0/Packs/atmel/XMEGAA_DFP/1.1.68/gcc/dev/atxmega64a1u/avrxmega5\libatxmega64a1u.a(eewr_word.o)
                0x0000de28                eeprom_write_word
 .text.avr-libc
                0x0000de32       0x12 c:/program files (x86)/atmel/studio/7.0/toolchain/avr8/avr8-gnu-toolchain/bin/../lib/gcc/avr/5.4.0/../../../../avr/lib/avrxmega5\libc.a(memcpy.o)
                0x0000de32                memcpy
                0x0000de44                . = ALIGN (0x2)
 *(.fini9)
 .fini9         0x0000de44        0x0 c:/program files (x86)/atmel/studio/7.0/toolchain/avr8/avr8-gnu-toolchain/bin/../lib/gcc/avr/5.4.0/avrxmega5\libgcc.a(_exit.o)
                0x0000de44                _exit
                0x0000de44                exit
 *(.fini9)
 *(.fini8)
 *(.fini8)
 *(.fini7)
 *(.fini7)
 *(.fini6)
 *(.fini6)
 *(.fini5)
 *(.fini5)
 *(.fini4)
 *(.fini4)
 *(.fini3)
 *(.fini3)
 *(.fini2)
 *(.fini2)
 *(.fini1)
 *(.fini1)
 *(.fini0)
 .fini0         0x0000de44        0x4 c:/program files (x86)/atmel/studio/7.0/toolchain/avr8/avr8-gnu-toolchain/bin/../lib/gcc/avr/5.4.0/avrxmega5\libgcc.a(_exit.o)
 *(.fini0)
                0x0000de48                _etext = .

.data           0x00802000      0x144 load address 0x0000de48
                0x00802000                PROVIDE (__data_start, .)
 *(.data)
 *(.data*)
 *(.gnu.linkonce.d*)
 *(.rodata)
 .rodata        0x00802000        0x6 keypad_settings.o
 *(.rodata*)
 .rodata.str1.1
                0x00802006       0x19 intercommunication.o
 .rodata.str1.1
                0x0080201f       0x18 lcd_screen.o
 .rodata.str1.1
                0x00802037       0x92 RB_800_A1.o
 .rodata.str1.1
                0x008020c9       0x20 RB_settings.o
 .rodata.str1.1
                0x008020e9       0x41 settings_menu.o
                                 0xe3 (size before relaxing)
 .rodata.str1.1
                0x0080212a       0x19 user_menu.o
                                 0xc2 (size before relaxing)
 *(.gnu.linkonce.r*)
                0x00802144                . = ALIGN (0x2)
 *fill*         0x00802143        0x1 
                0x00802144                _edata = .
                0x00802144                PROVIDE (__data_end, .)

.bss            0x00802144      0x6ab
                0x00802144                PROVIDE (__bss_start, .)
 *(.bss)
 *(.bss*)
 .bss.errorCount
                0x00802144        0x2 CAN.o
                0x00802144                errorCount
 *(COMMON)
 COMMON         0x00802146      0x21a battery.o
                0x00802146                A2_serial_num
                0x00802155                fail
                0x00802156                water_pump_dc
                0x00802157                ep_down_counter
                0x00802158                lcd_update_pause
                0x00802159                periodic_send
                0x0080215a                colon_toggle
                0x0080215b                switch_counter
                0x00802179                slow_speed
                0x0080217a                button_down_flag
                0x0080217b                water_pump_hours
                0x0080217d                printed_info
                0x0080217f                motors_status
                0x00802180                brake_delay
                0x00802181                can_failure
                0x00802182                reverse
                0x00802183                serial_num
                0x00802194                current_value
                0x00802195                global_counter_60000
                0x00802197                admin_mode_count
                0x00802198                A1_serial_num
                0x008021a7                admin_mode
                0x008021a8                temp_dp
                0x008021a9                detergent_pump_dc
                0x008021aa                reset_timer
                0x008021ab                reverse_speed
                0x008021ac                CAN_check_counter
                0x008021ad                runtimer_on
                0x008021ae                min_battery_level
                0x008021af                back_safety_alert
                0x008021b0                solenoid_valve
                0x008021b1                brush1_max_current
                0x008021b3                battery_level
                0x008021b4                test8
                0x008021b5                full_overload_time
                0x008021b6                blink_vac_led
                0x008021b7                update_hour
                0x008021b8                brush2_max_current
                0x008021ba                A3_serial_num
                0x008021c9                water_pump
                0x008021ca                turn_off_motors_timer
                0x008021cb                pot_value
                0x008021cd                current_menu
                0x008021ce                sd_card_unavailable
                0x008021cf                brush2_average_current
                0x008021d1                eco_mode
                0x008021d2                horn_off
                0x008021d3                speed_settings_dosage
                0x008021d8                top_error
                0x008021d9                switch_down
                0x008021e8                eco_hours
                0x008021ea                temp_wp
                0x008021eb                current_rating
                0x008021ec                brush_hours
                0x008021ee                global_counter
                0x008021f0                solenoid_led
                0x008021f1                transport
                0x008021f2                pot_low_deadband
                0x008021f4                alarm_on
                0x008021f5                battery_low_counter
                0x008021f6                twiMaster
                0x0080227c                lcd_temp
                0x00802291                tank_full
                0x00802292                print_menu
                0x00802293                A2_ack_received
                0x00802294                printing_info
                0x00802295                max_current
                0x00802296                temp_b
                0x00802297                hrn_down
                0x00802298                message_counter
                0x00802299                button_down_counter
                0x0080229d                Check_flag
                0x0080229e                brush1_average_current
                0x008022a0                beacon_lamp
                0x008022a1                headlights
                0x008022a2                update_menu
                0x008022a3                vacuum_slow_start
                0x008022a4                vacuum_state
                0x008022a5                motor_info_sent
                0x008022a6                deceleration
                0x008022a7                ack_counter
                0x008022a9                fr_speed
                0x008022aa                detergent_pump
                0x008022ab                hrn_down_counter
                0x008022ac                blink_sld_led
                0x008022ad                battery_status
                0x008022ae                print_battery_low
                0x008022af                pot_calibrating
                0x008022b0                brush
                0x008022b1                change_on_value
                0x008022b2                rated_current
                0x008022b3                bm_overcurrent_error
                0x008022b4                seconds
                0x008022b5                hrn_up
                0x008022b6                CanError
                0x008022b7                brush_slow_start
                0x008022b8                presweep_max_current
                0x008022ba                vacuum
                0x008022bb                can_flag
                0x008022bc                input_reset_sec
                0x008022bd                fault_error
                0x008022be                setting_changed
                0x008022bf                speed_settings_water
                0x008022c4                fast_speed
                0x008022c5                horn
                0x008022c6                presweep_hours